stm32f103c6_EXTI_Driver.c:34:6:MCAL_EXTIx_Configure	24	static
stm32f103c6_EXTI_Driver.c:85:19:MCAL_EXTIx_GetPinMapping	32	static
stm32f103c6_EXTI_Driver.c:313:6:MCAL_EXTI_DeInit	16	static
stm32f103c6_EXTI_Driver.c:342:6:NVIC_EXTIx_Enable	16	static
stm32f103c6_EXTI_Driver.c:378:6:NVIC_EXTIx_Disable	24	static
stm32f103c6_EXTI_Driver.c:425:6:EXTI0_IRQHandler	8	static
stm32f103c6_EXTI_Driver.c:429:6:EXTI1_IRQHandler	8	static
stm32f103c6_EXTI_Driver.c:433:6:EXTI2_IRQHandler	8	static
stm32f103c6_EXTI_Driver.c:437:6:EXTI3_IRQHandler	8	static
stm32f103c6_EXTI_Driver.c:441:6:EXTI4_IRQHandler	8	static
stm32f103c6_EXTI_Driver.c:445:6:EXTI9_5_IRQHandler	16	static
stm32f103c6_EXTI_Driver.c:456:6:EXTI15_10_IRQHandler	16	static
