Archive member included to satisfy reference by file (symbol)

c:/st/stm32cubeide_1.4.0/stm32cubeide/plugins/com.st.stm32cube.ide.mcu.externaltools.gnu-tools-for-stm32.7-2018-q2-update.win32_1.4.0.202007081208/tools/bin/../lib/gcc/arm-none-eabi/7.3.1/../../../../arm-none-eabi/lib/thumb/v7-m\libc_nano.a(lib_a-assert.o)
                              STM32F103C6Tx_Drivers/GPIO/stm32f103c6_GPIO_Driver.o (__assert_func)
c:/st/stm32cubeide_1.4.0/stm32cubeide/plugins/com.st.stm32cube.ide.mcu.externaltools.gnu-tools-for-stm32.7-2018-q2-update.win32_1.4.0.202007081208/tools/bin/../lib/gcc/arm-none-eabi/7.3.1/../../../../arm-none-eabi/lib/thumb/v7-m\libc_nano.a(lib_a-errno.o)
                              Src/syscalls.o (__errno)
c:/st/stm32cubeide_1.4.0/stm32cubeide/plugins/com.st.stm32cube.ide.mcu.externaltools.gnu-tools-for-stm32.7-2018-q2-update.win32_1.4.0.202007081208/tools/bin/../lib/gcc/arm-none-eabi/7.3.1/../../../../arm-none-eabi/lib/thumb/v7-m\libc_nano.a(lib_a-exit.o)
                              c:/st/stm32cubeide_1.4.0/stm32cubeide/plugins/com.st.stm32cube.ide.mcu.externaltools.gnu-tools-for-stm32.7-2018-q2-update.win32_1.4.0.202007081208/tools/bin/../lib/gcc/arm-none-eabi/7.3.1/../../../../arm-none-eabi/lib/thumb/v7-m/crt0.o (exit)
c:/st/stm32cubeide_1.4.0/stm32cubeide/plugins/com.st.stm32cube.ide.mcu.externaltools.gnu-tools-for-stm32.7-2018-q2-update.win32_1.4.0.202007081208/tools/bin/../lib/gcc/arm-none-eabi/7.3.1/../../../../arm-none-eabi/lib/thumb/v7-m\libc_nano.a(lib_a-fprintf.o)
                              c:/st/stm32cubeide_1.4.0/stm32cubeide/plugins/com.st.stm32cube.ide.mcu.externaltools.gnu-tools-for-stm32.7-2018-q2-update.win32_1.4.0.202007081208/tools/bin/../lib/gcc/arm-none-eabi/7.3.1/../../../../arm-none-eabi/lib/thumb/v7-m\libc_nano.a(lib_a-assert.o) (fiprintf)
c:/st/stm32cubeide_1.4.0/stm32cubeide/plugins/com.st.stm32cube.ide.mcu.externaltools.gnu-tools-for-stm32.7-2018-q2-update.win32_1.4.0.202007081208/tools/bin/../lib/gcc/arm-none-eabi/7.3.1/../../../../arm-none-eabi/lib/thumb/v7-m\libc_nano.a(lib_a-impure.o)
                              c:/st/stm32cubeide_1.4.0/stm32cubeide/plugins/com.st.stm32cube.ide.mcu.externaltools.gnu-tools-for-stm32.7-2018-q2-update.win32_1.4.0.202007081208/tools/bin/../lib/gcc/arm-none-eabi/7.3.1/../../../../arm-none-eabi/lib/thumb/v7-m\libc_nano.a(lib_a-exit.o) (_global_impure_ptr)
c:/st/stm32cubeide_1.4.0/stm32cubeide/plugins/com.st.stm32cube.ide.mcu.externaltools.gnu-tools-for-stm32.7-2018-q2-update.win32_1.4.0.202007081208/tools/bin/../lib/gcc/arm-none-eabi/7.3.1/../../../../arm-none-eabi/lib/thumb/v7-m\libc_nano.a(lib_a-init.o)
                              c:/st/stm32cubeide_1.4.0/stm32cubeide/plugins/com.st.stm32cube.ide.mcu.externaltools.gnu-tools-for-stm32.7-2018-q2-update.win32_1.4.0.202007081208/tools/bin/../lib/gcc/arm-none-eabi/7.3.1/../../../../arm-none-eabi/lib/thumb/v7-m/crt0.o (__libc_init_array)
c:/st/stm32cubeide_1.4.0/stm32cubeide/plugins/com.st.stm32cube.ide.mcu.externaltools.gnu-tools-for-stm32.7-2018-q2-update.win32_1.4.0.202007081208/tools/bin/../lib/gcc/arm-none-eabi/7.3.1/../../../../arm-none-eabi/lib/thumb/v7-m\libc_nano.a(lib_a-memset.o)
                              c:/st/stm32cubeide_1.4.0/stm32cubeide/plugins/com.st.stm32cube.ide.mcu.externaltools.gnu-tools-for-stm32.7-2018-q2-update.win32_1.4.0.202007081208/tools/bin/../lib/gcc/arm-none-eabi/7.3.1/../../../../arm-none-eabi/lib/thumb/v7-m/crt0.o (memset)
c:/st/stm32cubeide_1.4.0/stm32cubeide/plugins/com.st.stm32cube.ide.mcu.externaltools.gnu-tools-for-stm32.7-2018-q2-update.win32_1.4.0.202007081208/tools/bin/../lib/gcc/arm-none-eabi/7.3.1/../../../../arm-none-eabi/lib/thumb/v7-m\libc_nano.a(lib_a-nano-vfprintf.o)
                              c:/st/stm32cubeide_1.4.0/stm32cubeide/plugins/com.st.stm32cube.ide.mcu.externaltools.gnu-tools-for-stm32.7-2018-q2-update.win32_1.4.0.202007081208/tools/bin/../lib/gcc/arm-none-eabi/7.3.1/../../../../arm-none-eabi/lib/thumb/v7-m\libc_nano.a(lib_a-fprintf.o) (_vfprintf_r)
c:/st/stm32cubeide_1.4.0/stm32cubeide/plugins/com.st.stm32cube.ide.mcu.externaltools.gnu-tools-for-stm32.7-2018-q2-update.win32_1.4.0.202007081208/tools/bin/../lib/gcc/arm-none-eabi/7.3.1/../../../../arm-none-eabi/lib/thumb/v7-m\libc_nano.a(lib_a-nano-vfprintf_i.o)
                              c:/st/stm32cubeide_1.4.0/stm32cubeide/plugins/com.st.stm32cube.ide.mcu.externaltools.gnu-tools-for-stm32.7-2018-q2-update.win32_1.4.0.202007081208/tools/bin/../lib/gcc/arm-none-eabi/7.3.1/../../../../arm-none-eabi/lib/thumb/v7-m\libc_nano.a(lib_a-nano-vfprintf.o) (_printf_i)
c:/st/stm32cubeide_1.4.0/stm32cubeide/plugins/com.st.stm32cube.ide.mcu.externaltools.gnu-tools-for-stm32.7-2018-q2-update.win32_1.4.0.202007081208/tools/bin/../lib/gcc/arm-none-eabi/7.3.1/../../../../arm-none-eabi/lib/thumb/v7-m\libc_nano.a(lib_a-wbuf.o)
[...]
Memory Configuration

Name             Origin             Length             Attributes
RAM              0x0000000020000000 0x0000000000002800 xrw
ROM              0x0000000008000000 0x0000000000008000 xr
*default*        0x0000000000000000 0xffffffffffffffff

Linker script and memory map

LOAD c:/st/stm32cubeide_1.4.0/stm32cubeide/plugins/com.st.stm32cube.ide.mcu.externaltools.gnu-tools-for-stm32.7-2018-q2-update.win32_1.4.0.202007081208/tools/bin/../lib/gcc/arm-none-eabi/7.3.1/thumb/v7-m/crti.o
LOAD c:/st/stm32cubeide_1.4.0/stm32cubeide/plugins/com.st.stm32cube.ide.mcu.externaltools.gnu-tools-for-stm32.7-2018-q2-update.win32_1.4.0.202007081208/tools/bin/../lib/gcc/arm-none-eabi/7.3.1/thumb/v7-m/crtbegin.o
LOAD c:/st/stm32cubeide_1.4.0/stm32cubeide/plugins/com.st.stm32cube.ide.mcu.externaltools.gnu-tools-for-stm32.7-2018-q2-update.win32_1.4.0.202007081208/tools/bin/../lib/gcc/arm-none-eabi/7.3.1/../../../../arm-none-eabi/lib/thumb/v7-m/crt0.o
LOAD HAL_Drivers/7Seg/7Seg.o
LOAD HAL_Drivers/KeyPad/KeyPad.o
LOAD HAL_Drivers/LCD/LCD.o
LOAD STM32F103C6Tx_Drivers/GPIO/stm32f103c6_GPIO_Driver.o
LOAD Src/main.o
LOAD Src/syscalls.o
LOAD Src/sysmem.o
LOAD Startup/startup_stm32f103c6tx.o
START GROUP
LOAD c:/st/stm32cubeide_1.4.0/stm32cubeide/plugins/com.st.stm32cube.ide.mcu.externaltools.gnu-tools-for-stm32.7-2018-q2-update.win32_1.4.0.202007081208/tools/bin/../lib/gcc/arm-none-eabi/7.3.1/../../../../arm-none-eabi/lib/thumb/v7-m\libc_nano.a
LOAD c:/st/stm32cubeide_1.4.0/stm32cubeide/plugins/com.st.stm32cube.ide.mcu.externaltools.gnu-tools-for-stm32.7-2018-q2-update.win32_1.4.0.202007081208/tools/bin/../lib/gcc/arm-none-eabi/7.3.1/../../../../arm-none-eabi/lib/thumb/v7-m\libm.a
END GROUP
START GROUP
LOAD c:/st/stm32cubeide_1.4.0/stm32cubeide/plugins/com.st.stm32cube.ide.mcu.externaltools.gnu-tools-for-stm32.7-2018-q2-update.win32_1.4.0.202007081208/tools/bin/../lib/gcc/arm-none-eabi/7.3.1/thumb/v7-m\libgcc.a
LOAD c:/st/stm32cubeide_1.4.0/stm32cubeide/plugins/com.st.stm32cube.ide.mcu.externaltools.gnu-tools-for-stm32.7-2018-q2-update.win32_1.4.0.202007081208/tools/bin/../lib/gcc/arm-none-eabi/7.3.1/../../../../arm-none-eabi/lib/thumb/v7-m\libg_nano.a
LOAD c:/st/stm32cubeide_1.4.0/stm32cubeide/plugins/com.st.stm32cube.ide.mcu.externaltools.gnu-tools-for-stm32.7-2018-q2-update.win32_1.4.0.202007081208/tools/bin/../lib/gcc/arm-none-eabi/7.3.1/../../../../arm-none-eabi/lib/thumb/v7-m\libc_nano.a
END GROUP
START GROUP
LOAD c:/st/stm32cubeide_1.4.0/stm32cubeide/plugins/com.st.stm32cube.ide.mcu.externaltools.gnu-tools-for-stm32.7-2018-q2-update.win32_1.4.0.202007081208/tools/bin/../lib/gcc/arm-none-eabi/7.3.1/thumb/v7-m\libgcc.a
LOAD c:/st/stm32cubeide_1.4.0/stm32cubeide/plugins/com.st.stm32cube.ide.mcu.externaltools.gnu-tools-for-stm32.7-2018-q2-update.win32_1.4.0.202007081208/tools/bin/../lib/gcc/arm-none-eabi/7.3.1/../../../../arm-none-eabi/lib/thumb/v7-m\libc_nano.a
LOAD c:/st/stm32cubeide_1.4.0/stm32cubeide/plugins/com.st.stm32cube.ide.mcu.externaltools.gnu-tools-for-stm32.7-2018-q2-update.win32_1.4.0.202007081208/tools/bin/../lib/gcc/arm-none-eabi/7.3.1/../../../../arm-none-eabi/lib/thumb/v7-m\libnosys.a
END GROUP
START GROUP
LOAD c:/st/stm32cubeide_1.4.0/stm32cubeide/plugins/com.st.stm32cube.ide.mcu.externaltools.gnu-tools-for-stm32.7-2018-q2-update.win32_1.4.0.202007081208/tools/bin/../lib/gcc/arm-none-eabi/7.3.1/thumb/v7-m\libgcc.a
LOAD c:/st/stm32cubeide_1.4.0/stm32cubeide/plugins/com.st.stm32cube.ide.mcu.externaltools.gnu-tools-for-stm32.7-2018-q2-update.win32_1.4.0.202007081208/tools/bin/../lib/gcc/arm-none-eabi/7.3.1/../../../../arm-none-eabi/lib/thumb/v7-m\libc_nano.a
LOAD c:/st/stm32cubeide_1.4.0/stm32cubeide/plugins/com.st.stm32cube.ide.mcu.externaltools.gnu-tools-for-stm32.7-2018-q2-update.win32_1.4.0.202007081208/tools/bin/../lib/gcc/arm-none-eabi/7.3.1/../../../../arm-none-eabi/lib/thumb/v7-m\libnosys.a
END GROUP
LOAD c:/st/stm32cubeide_1.4.0/stm32cubeide/plugins/com.st.stm32cube.ide.mcu.externaltools.gnu-tools-for-stm32.7-2018-q2-update.win32_1.4.0.202007081208/tools/bin/../lib/gcc/arm-none-eabi/7.3.1/thumb/v7-m/crtend.o
LOAD c:/st/stm32cubeide_1.4.0/stm32cubeide/plugins/com.st.stm32cube.ide.mcu.externaltools.gnu-tools-for-stm32.7-2018-q2-update.win32_1.4.0.202007081208/tools/bin/../lib/gcc/arm-none-eabi/7.3.1/thumb/v7-m/crtn.o
                0x0000000020002800                _estack = (ORIGIN (RAM) + LENGTH (RAM))
                0x0000000000000200                _Min_Heap_Size = 0x200
                0x0000000000000400                _Min_Stack_Size = 0x400

.isr_vector     0x0000000008000000      0x130
                0x0000000008000000                . = ALIGN (0x4)
 *(.isr_vector)
 .isr_vector    0x0000000008000000      0x130 Startup/startup_stm32f103c6tx.o
                0x0000000008000000                g_pfnVectors
                0x0000000008000130                . = ALIGN (0x4)

.text           0x0000000008000130     0x1e74
                0x0000000008000130                . = ALIGN (0x4)
 *(.text)
 .text          0x0000000008000130       0x40 c:/st/stm32cubeide_1.4.0/stm32cubeide/plugins/com.st.stm32cube.ide.mcu.externaltools.gnu-tools-for-stm32.7-2018-q2-update.win32_1.4.0.202007081208/tools/bin/../lib/gcc/arm-none-eabi/7.3.1/thumb/v7-m/crtbegin.o
 *(.text*)
 .text.SevenSeg_Init
                0x0000000008000170       0x64 HAL_Drivers/7Seg/7Seg.o
                0x0000000008000170                SevenSeg_Init
 .text.SevenSeg_DisplayNumber
                0x00000000080001d4      0x210 HAL_Drivers/7Seg/7Seg.o
                0x00000000080001d4                SevenSeg_DisplayNumber
 .text.SevenSeg_Clear
                0x00000000080003e4       0x4c HAL_Drivers/7Seg/7Seg.o
                0x00000000080003e4                SevenSeg_Clear
 .text.keyPad_Init
                0x0000000008000430       0x90 HAL_Drivers/KeyPad/KeyPad.o
                0x0000000008000430                keyPad_Init
 .text.KeyPad_GetKeyPressed
                0x00000000080004c0       0xc8 HAL_Drivers/KeyPad/KeyPad.o
                0x00000000080004c0                KeyPad_GetKeyPressed
 .text._delay_ms
                0x0000000008000588       0x20 HAL_Drivers/KeyPad/KeyPad.o
 .text.LCD_Init
                0x00000000080005a8      0x218 HAL_Drivers/LCD/LCD.o
                0x00000000080005a8                LCD_Init
 .text.LCD_Write_Command
                0x00000000080007c0      0x1a8 HAL_Drivers/LCD/LCD.o
                0x00000000080007c0                LCD_Write_Command
 .text.LCD_SendCharacter
                0x0000000008000968      0x1b4 HAL_Drivers/LCD/LCD.o
                0x0000000008000968                LCD_SendCharacter
 .text._delay_ms
                0x0000000008000b1c       0x34 HAL_Drivers/LCD/LCD.o
 .text._delay_ns
                0x0000000008000b50       0x20 HAL_Drivers/LCD/LCD.o
 .text.MCAL_GPIO_Init
                0x0000000008000b70      0x1c8 STM32F103C6Tx_Drivers/GPIO/stm32f103c6_GPIO_Driver.o
                0x0000000008000b70                MCAL_GPIO_Init
 .text.MCAL_GPIO_ReadPin
                0x0000000008000d38       0x44 STM32F103C6Tx_Drivers/GPIO/stm32f103c6_GPIO_Driver.o
                0x0000000008000d38                MCAL_GPIO_ReadPin
 .text.MCAL_GPIO_WritePin
                0x0000000008000d7c       0x64 STM32F103C6Tx_Drivers/GPIO/stm32f103c6_GPIO_Driver.o
                0x0000000008000d7c                MCAL_GPIO_WritePin
 .text.MCAL_GPIO_TogglePin
                0x0000000008000de0       0x44 STM32F103C6Tx_Drivers/GPIO/stm32f103c6_GPIO_Driver.o
                0x0000000008000de0                MCAL_GPIO_TogglePin
 .text.main     0x0000000008000e24       0x62 Src/main.o
                0x0000000008000e24                main
 *fill*         0x0000000008000e86        0x2 
 .text.clock_Init
                0x0000000008000e88       0x28 Src/main.o
                0x0000000008000e88                clock_Init
 .text._getpid  0x0000000008000eb0        0xe Src/syscalls.o
                0x0000000008000eb0                _getpid
 .text._kill    0x0000000008000ebe       0x20 Src/syscalls.o
                0x0000000008000ebe                _kill
 .text._exit    0x0000000008000ede       0x14 Src/syscalls.o
                0x0000000008000ede                _exit
 .text._read    0x0000000008000ef2       0x3a Src/syscalls.o
                0x0000000008000ef2                _read
 .text._write   0x0000000008000f2c       0x38 Src/syscalls.o
                0x0000000008000f2c                _write
 .text._close   0x0000000008000f64       0x16 Src/syscalls.o
                0x0000000008000f64                _close
 .text._fstat   0x0000000008000f7a       0x1e Src/syscalls.o
                0x0000000008000f7a                _fstat
 .text._isatty  0x0000000008000f98       0x14 Src/syscalls.o
                0x0000000008000f98                _isatty
 .text._lseek   0x0000000008000fac       0x18 Src/syscalls.o
                0x0000000008000fac                _lseek
 .text._sbrk    0x0000000008000fc4       0x6c Src/sysmem.o
                0x0000000008000fc4                _sbrk
 .text.Reset_Handler
                0x0000000008001030       0x50 Startup/startup_stm32f103c6tx.o
                0x0000000008001030                Reset_Handler
 .text.Default_Handler
                0x0000000008001080        0x2 Startup/startup_stm32f103c6tx.o
                0x0000000008001080                EXTI2_IRQHandler
                0x0000000008001080                TIM8_TRG_COM_IRQHandler
                0x0000000008001080                TIM8_CC_IRQHandler
                0x0000000008001080                DebugMon_Handler
                0x0000000008001080                TIM1_CC_IRQHandler
                0x0000000008001080                HardFault_Handler
                0x0000000008001080                TIM6_IRQHandler
                0x0000000008001080                SysTick_Handler
                0x0000000008001080                PVD_IRQHandler
                0x0000000008001080                SDIO_IRQHandler
                0x0000000008001080                PendSV_Handler
                0x0000000008001080                NMI_Handler
                0x0000000008001080                EXTI3_IRQHandler
                0x0000000008001080                USB_HP_CAN_TX_IRQHandler
                0x0000000008001080                EXTI0_IRQHandler
                0x0000000008001080                I2C2_EV_IRQHandler
                0x0000000008001080                UsageFault_Handler
                0x0000000008001080                ADC1_2_IRQHandler
                0x0000000008001080                SPI1_IRQHandler
                0x0000000008001080                CAN_SCE_IRQHandler
                0x0000000008001080                TAMPER_IRQHandler
                0x0000000008001080                TIM8_UP_IRQHandler
                0x0000000008001080                DMA2_Channel2_IRQHandler
                0x0000000008001080                DMA1_Channel4_IRQHandler
                0x0000000008001080                USART3_IRQHandler
                0x0000000008001080                RTC_IRQHandler
                0x0000000008001080                DMA1_Channel7_IRQHandler
                0x0000000008001080                UART5_IRQHandler
                0x0000000008001080                ADC3_IRQHandler
                0x0000000008001080                TIM4_IRQHandler
                0x0000000008001080                CAN_RX1_IRQHandler
                0x0000000008001080                DMA2_Channel1_IRQHandler
                0x0000000008001080                I2C1_EV_IRQHandler
                0x0000000008001080                DMA1_Channel6_IRQHandler
                0x0000000008001080                UART4_IRQHandler
                0x0000000008001080                TIM3_IRQHandler
                0x0000000008001080                RCC_IRQHandler
                0x0000000008001080                TIM1_TRG_COM_IRQHandler
                0x0000000008001080                DMA1_Channel1_IRQHandler
                0x0000000008001080                Default_Handler
                0x0000000008001080                EXTI15_10_IRQHandler
                0x0000000008001080                TIM7_IRQHandler
                0x0000000008001080                TIM5_IRQHandler
                0x0000000008001080                EXTI9_5_IRQHandler
                0x0000000008001080                SPI2_IRQHandler
                0x0000000008001080                USB_LP_CAN_RX0_IRQHandler
                0x0000000008001080                MemManage_Handler
                0x0000000008001080                SVC_Handler
                0x0000000008001080                DMA1_Channel5_IRQHandler
                0x0000000008001080                EXTI4_IRQHandler
                0x0000000008001080                DMA1_Channel3_IRQHandler
                0x0000000008001080                FSMC_IRQHandler
                0x0000000008001080                TIM1_UP_IRQHandler
                0x0000000008001080                WWDG_IRQHandler
                0x0000000008001080                TIM2_IRQHandler
                0x0000000008001080                TIM1_BRK_IRQHandler
                0x0000000008001080                EXTI1_IRQHandler
                0x0000000008001080                RTCAlarm_IRQHandler
                0x0000000008001080                DMA2_Channel4_5_IRQHandler
                0x0000000008001080                USART2_IRQHandler
                0x0000000008001080                I2C2_ER_IRQHandler
                0x0000000008001080                DMA1_Channel2_IRQHandler
                0x0000000008001080                TIM8_BRK_IRQHandler
                0x0000000008001080                FLASH_IRQHandler
                0x0000000008001080                BusFault_Handler
                0x0000000008001080                USART1_IRQHandler
                0x0000000008001080                SPI3_IRQHandler
                0x0000000008001080                I2C1_ER_IRQHandler
                0x0000000008001080                DMA2_Channel3_IRQHandler
 *fill*         0x0000000008001082        0x2 
 .text.__assert_func
                0x0000000008001084       0x3c c:/st/stm32cubeide_1.4.0/stm32cubeide/plugins/com.st.stm32cube.ide.mcu.externaltools.gnu-tools-for-stm32.7-2018-q2-update.win32_1.4.0.202007081208/tools/bin/../lib/gcc/arm-none-eabi/7.3.1/../../../../arm-none-eabi/lib/thumb/v7-m\libc_nano.a(lib_a-assert.o)
                0x0000000008001084                __assert_func
 .text.__errno  0x00000000080010c0        0xc c:/st/stm32cubeide_1.4.0/stm32cubeide/plugins/com.st.stm32cube.ide.mcu.externaltools.gnu-tools-for-stm32.7-2018-q2-update.win32_1.4.0.202007081208/tools/bin/../lib/gcc/arm-none-eabi/7.3.1/../../../../arm-none-eabi/lib/thumb/v7-m\libc_nano.a(lib_a-errno.o)
                0x00000000080010c0                __errno
 .text.fprintf  0x00000000080010cc       0x24 c:/st/stm32cubeide_1.4.0/stm32cubeide/plugins/com.st.stm32cube.ide.mcu.externaltools.gnu-tools-for-stm32.7-2018-q2-update.win32_1.4.0.202007081208/tools/bin/../lib/gcc/arm-none-eabi/7.3.1/../../../../arm-none-eabi/lib/thumb/v7-m\libc_nano.a(lib_a-fprintf.o)
                0x00000000080010cc                fiprintf
                0x00000000080010cc                fprintf
 .text.__libc_init_array
                0x00000000080010f0       0x48 c:/st/stm32cubeide_1.4.0/stm32cubeide/plugins/com.st.stm32cube.ide.mcu.externaltools.gnu-tools-for-stm32.7-2018-q2-update.win32_1.4.0.202007081208/tools/bin/../lib/gcc/arm-none-eabi/7.3.1/../../../../arm-none-eabi/lib/thumb/v7-m\libc_nano.a(lib_a-init.o)
                0x00000000080010f0                __libc_init_array
 .text.memset   0x0000000008001138       0x10 c:/st/stm32cubeide_1.4.0/stm32cubeide/plugins/com.st.stm32cube.ide.mcu.externaltools.gnu-tools-for-stm32.7-2018-q2-update.win32_1.4.0.202007081208/tools/bin/../lib/gcc/arm-none-eabi/7.3.1/../../../../arm-none-eabi/lib/thumb/v7-m\libc_nano.a(lib_a-memset.o)
                0x0000000008001138                memset
 .text.__sfputc_r
                0x0000000008001148       0x2a c:/st/stm32cubeide_1.4.0/stm32cubeide/plugins/com.st.stm32cube.ide.mcu.externaltools.gnu-tools-for-stm32.7-2018-q2-update.win32_1.4.0.202007081208/tools/bin/../lib/gcc/arm-none-eabi/7.3.1/../../../../arm-none-eabi/lib/thumb/v7-m\libc_nano.a(lib_a-nano-vfprintf.o)
 .text.__sfputs_r
                0x0000000008001172       0x24 c:/st/stm32cubeide_1.4.0/stm32cubeide/plugins/com.st.stm32cube.ide.mcu.externaltools.gnu-tools-for-stm32.7-2018-q2-update.win32_1.4.0.202007081208/tools/bin/../lib/gcc/arm-none-eabi/7.3.1/../../../../arm-none-eabi/lib/thumb/v7-m\libc_nano.a(lib_a-nano-vfprintf.o)
                0x0000000008001172                __sfputs_r
 *fill*         0x0000000008001196        0x2 
 .text._vfprintf_r
                0x0000000008001198      0x22c c:/st/stm32cubeide_1.4.0/stm32cubeide/plugins/com.st.stm32cube.ide.mcu.externaltools.gnu-tools-for-stm32.7-2018-q2-update.win32_1.4.0.202007081208/tools/bin/../lib/gcc/arm-none-eabi/7.3.1/../../../../arm-none-eabi/lib/thumb/v7-m\libc_nano.a(lib_a-nano-vfprintf.o)
                0x0000000008001198                _vfprintf_r
                0x0000000008001198                _vfiprintf_r
 .text._printf_common
                0x00000000080013c4       0xec c:/st/stm32cubeide_1.4.0/stm32cubeide/plugins/com.st.stm32cube.ide.mcu.externaltools.gnu-tools-for-stm32.7-2018-q2-update.win32_1.4.0.202007081208/tools/bin/../lib/gcc/arm-none-eabi/7.3.1/../../../../arm-none-eabi/lib/thumb/v7-m\libc_nano.a(lib_a-nano-vfprintf_i.o)
                0x00000000080013c4                _printf_common
 .text._printf_i
                0x00000000080014b0      0x224 c:/st/stm32cubeide_1.4.0/stm32cubeide/plugins/com.st.stm32cube.ide.mcu.externaltools.gnu-tools-for-stm32.7-2018-q2-update.win32_1.4.0.202007081208/tools/bin/../lib/gcc/arm-none-eabi/7.3.1/../../../../arm-none-eabi/lib/thumb/v7-m\libc_nano.a(lib_a-nano-vfprintf_i.o)
                0x00000000080014b0                _printf_i
 .text.__swbuf_r
                0x00000000080016d4       0xa4 c:/st/stm32cubeide_1.4.0/stm32cubeide/plugins/com.st.stm32cube.ide.mcu.externaltools.gnu-tools-for-stm32.7-2018-q2-update.win32_1.4.0.202007081208/tools/bin/../lib/gcc/arm-none-eabi/7.3.1/../../../../arm-none-eabi/lib/thumb/v7-m\libc_nano.a(lib_a-wbuf.o)
                0x00000000080016d4                __swbuf_r
 .text.__swsetup_r
                0x0000000008001778       0xdc c:/st/stm32cubeide_1.4.0/stm32cubeide/plugins/com.st.stm32cube.ide.mcu.externaltools.gnu-tools-for-stm32.7-2018-q2-update.win32_1.4.0.202007081208/tools/bin/../lib/gcc/arm-none-eabi/7.3.1/../../../../arm-none-eabi/lib/thumb/v7-m\libc_nano.a(lib_a-wsetup.o)
                0x0000000008001778                __swsetup_r
 .text.abort    0x0000000008001854        0xe c:/st/stm32cubeide_1.4.0/stm32cubeide/plugins/com.st.stm32cube.ide.mcu.externaltools.gnu-tools-for-stm32.7-2018-q2-update.win32_1.4.0.202007081208/tools/bin/../lib/gcc/arm-none-eabi/7.3.1/../../../../arm-none-eabi/lib/thumb/v7-m\libc_nano.a(lib_a-abort.o)
                0x0000000008001854                abort
 *fill*         0x0000000008001862        0x2 
 .text.__sflush_r
                0x0000000008001864      0x10c c:/st/stm32cubeide_1.4.0/stm32cubeide/plugins/com.st.stm32cube.ide.mcu.externaltools.gnu-tools-for-stm32.7-2018-q2-update.win32_1.4.0.202007081208/tools/bin/../lib/gcc/arm-none-eabi/7.3.1/../../../../arm-none-eabi/lib/thumb/v7-m\libc_nano.a(lib_a-fflush.o)
                0x0000000008001864                __sflush_r
 .text._fflush_r
                0x0000000008001970       0x54 c:/st/stm32cubeide_1.4.0/stm32cubeide/plugins/com.st.stm32cube.ide.mcu.externaltools.gnu-tools-for-stm32.7-2018-q2-update.win32_1.4.0.202007081208/tools/bin/../lib/gcc/arm-none-eabi/7.3.1/../../../../arm-none-eabi/lib/thumb/v7-m\libc_nano.a(lib_a-fflush.o)
                0x0000000008001970                _fflush_r
 .text.std      0x00000000080019c4       0x48 c:/st/stm32cubeide_1.4.0/stm32cubeide/plugins/com.st.stm32cube.ide.mcu.externaltools.gnu-tools-for-stm32.7-2018-q2-update.win32_1.4.0.202007081208/tools/bin/../lib/gcc/arm-none-eabi/7.3.1/../../../../arm-none-eabi/lib/thumb/v7-m\libc_nano.a(lib_a-findfp.o)
 .text._cleanup_r
                0x0000000008001a0c        0xc c:/st/stm32cubeide_1.4.0/stm32cubeide/plugins/com.st.stm32cube.ide.mcu.externaltools.gnu-tools-for-stm32.7-2018-q2-update.win32_1.4.0.202007081208/tools/bin/../lib/gcc/arm-none-eabi/7.3.1/../../../../arm-none-eabi/lib/thumb/v7-m\libc_nano.a(lib_a-findfp.o)
                0x0000000008001a0c                _cleanup_r
 .text.__sfmoreglue
                0x0000000008001a18       0x2c c:/st/stm32cubeide_1.4.0/stm32cubeide/plugins/com.st.stm32cube.ide.mcu.externaltools.gnu-tools-for-stm32.7-2018-q2-update.win32_1.4.0.202007081208/tools/bin/../lib/gcc/arm-none-eabi/7.3.1/../../../../arm-none-eabi/lib/thumb/v7-m\libc_nano.a(lib_a-findfp.o)
                0x0000000008001a18                __sfmoreglue
 .text.__sinit  0x0000000008001a44       0x60 c:/st/stm32cubeide_1.4.0/stm32cubeide/plugins/com.st.stm32cube.ide.mcu.externaltools.gnu-tools-for-stm32.7-2018-q2-update.win32_1.4.0.202007081208/tools/bin/../lib/gcc/arm-none-eabi/7.3.1/../../../../arm-none-eabi/lib/thumb/v7-m\libc_nano.a(lib_a-findfp.o)
                0x0000000008001a44                __sinit
 .text.__sfp    0x0000000008001aa4       0x78 c:/st/stm32cubeide_1.4.0/stm32cubeide/plugins/com.st.stm32cube.ide.mcu.externaltools.gnu-tools-for-stm32.7-2018-q2-update.win32_1.4.0.202007081208/tools/bin/../lib/gcc/arm-none-eabi/7.3.1/../../../../arm-none-eabi/lib/thumb/v7-m\libc_nano.a(lib_a-findfp.o)
                0x0000000008001aa4                __sfp
 .text._fwalk_reent
                0x0000000008001b1c       0x3c c:/st/stm32cubeide_1.4.0/stm32cubeide/plugins/com.st.stm32cube.ide.mcu.externaltools.gnu-tools-for-stm32.7-2018-q2-update.win32_1.4.0.202007081208/tools/bin/../lib/gcc/arm-none-eabi/7.3.1/../../../../arm-none-eabi/lib/thumb/v7-m\libc_nano.a(lib_a-fwalk.o)
                0x0000000008001b1c                _fwalk_reent
 .text.__swhatbuf_r
                0x0000000008001b58       0x48 c:/st/stm32cubeide_1.4.0/stm32cubeide/plugins/com.st.stm32cube.ide.mcu.externaltools.gnu-tools-for-stm32.7-2018-q2-update.win32_1.4.0.202007081208/tools/bin/../lib/gcc/arm-none-eabi/7.3.1/../../../../arm-none-eabi/lib/thumb/v7-m\libc_nano.a(lib_a-makebuf.o)
                0x0000000008001b58                __swhatbuf_r
 .text.__smakebuf_r
                0x0000000008001ba0       0x80 c:/st/stm32cubeide_1.4.0/stm32cubeide/plugins/com.st.stm32cube.ide.mcu.externaltools.gnu-tools-for-stm32.7-2018-q2-update.win32_1.4.0.202007081208/tools/bin/../lib/gcc/arm-none-eabi/7.3.1/../../../../arm-none-eabi/lib/thumb/v7-m\libc_nano.a(lib_a-makebuf.o)
                0x0000000008001ba0                __smakebuf_r
 .text.memchr   0x0000000008001c20       0x1c c:/st/stm32cubeide_1.4.0/stm32cubeide/plugins/com.st.stm32cube.ide.mcu.externaltools.gnu-tools-for-stm32.7-2018-q2-update.win32_1.4.0.202007081208/tools/bin/../lib/gcc/arm-none-eabi/7.3.1/../../../../arm-none-eabi/lib/thumb/v7-m\libc_nano.a(lib_a-memchr-stub.o)
                0x0000000008001c20                memchr
 .text._free_r  0x0000000008001c3c       0x98 c:/st/stm32cubeide_1.4.0/stm32cubeide/plugins/com.st.stm32cube.ide.mcu.externaltools.gnu-tools-for-stm32.7-2018-q2-update.win32_1.4.0.202007081208/tools/bin/../lib/gcc/arm-none-eabi/7.3.1/../../../../arm-none-eabi/lib/thumb/v7-m\libc_nano.a(lib_a-nano-freer.o)
                0x0000000008001c3c                _free_r
 .text._malloc_r
                0x0000000008001cd4       0xb4 c:/st/stm32cubeide_1.4.0/stm32cubeide/plugins/com.st.stm32cube.ide.mcu.externaltools.gnu-tools-for-stm32.7-2018-q2-update.win32_1.4.0.202007081208/tools/bin/../lib/gcc/arm-none-eabi/7.3.1/../../../../arm-none-eabi/lib/thumb/v7-m\libc_nano.a(lib_a-nano-mallocr.o)
                0x0000000008001cd4                _malloc_r
 .text._sbrk_r  0x0000000008001d88       0x20 c:/st/stm32cubeide_1.4.0/stm32cubeide/plugins/com.st.stm32cube.ide.mcu.externaltools.gnu-tools-for-stm32.7-2018-q2-update.win32_1.4.0.202007081208/tools/bin/../lib/gcc/arm-none-eabi/7.3.1/../../../../arm-none-eabi/lib/thumb/v7-m\libc_nano.a(lib_a-sbrkr.o)
                0x0000000008001d88                _sbrk_r
 .text._raise_r
                0x0000000008001da8       0x50 c:/st/stm32cubeide_1.4.0/stm32cubeide/plugins/com.st.stm32cube.ide.mcu.externaltools.gnu-tools-for-stm32.7-2018-q2-update.win32_1.4.0.202007081208/tools/bin/../lib/gcc/arm-none-eabi/7.3.1/../../../../arm-none-eabi/lib/thumb/v7-m\libc_nano.a(lib_a-signal.o)
                0x0000000008001da8                _raise_r
 .text.raise    0x0000000008001df8       0x10 c:/st/stm32cubeide_1.4.0/stm32cubeide/plugins/com.st.stm32cube.ide.mcu.externaltools.gnu-tools-for-stm32.7-2018-q2-update.win32_1.4.0.202007081208/tools/bin/../lib/gcc/arm-none-eabi/7.3.1/../../../../arm-none-eabi/lib/thumb/v7-m\libc_nano.a(lib_a-signal.o)
                0x0000000008001df8                raise
 .text._kill_r  0x0000000008001e08       0x24 c:/st/stm32cubeide_1.4.0/stm32cubeide/plugins/com.st.stm32cube.ide.mcu.externaltools.gnu-tools-for-stm32.7-2018-q2-update.win32_1.4.0.202007081208/tools/bin/../lib/gcc/arm-none-eabi/7.3.1/../../../../arm-none-eabi/lib/thumb/v7-m\libc_nano.a(lib_a-signalr.o)
                0x0000000008001e08                _kill_r
 .text._getpid_r
                0x0000000008001e2c        0x4 c:/st/stm32cubeide_1.4.0/stm32cubeide/plugins/com.st.stm32cube.ide.mcu.externaltools.gnu-tools-for-stm32.7-2018-q2-update.win32_1.4.0.202007081208/tools/bin/../lib/gcc/arm-none-eabi/7.3.1/../../../../arm-none-eabi/lib/thumb/v7-m\libc_nano.a(lib_a-signalr.o)
                0x0000000008001e2c                _getpid_r
 .text.__sread  0x0000000008001e30       0x22 c:/st/stm32cubeide_1.4.0/stm32cubeide/plugins/com.st.stm32cube.ide.mcu.externaltools.gnu-tools-for-stm32.7-2018-q2-update.win32_1.4.0.202007081208/tools/bin/../lib/gcc/arm-none-eabi/7.3.1/../../../../arm-none-eabi/lib/thumb/v7-m\libc_nano.a(lib_a-stdio.o)
                0x0000000008001e30                __sread
 .text.__swrite
                0x0000000008001e52       0x38 c:/st/stm32cubeide_1.4.0/stm32cubeide/plugins/com.st.stm32cube.ide.mcu.externaltools.gnu-tools-for-stm32.7-2018-q2-update.win32_1.4.0.202007081208/tools/bin/../lib/gcc/arm-none-eabi/7.3.1/../../../../arm-none-eabi/lib/thumb/v7-m\libc_nano.a(lib_a-stdio.o)
                0x0000000008001e52                __swrite
 .text.__sseek  0x0000000008001e8a       0x24 c:/st/stm32cubeide_1.4.0/stm32cubeide/plugins/com.st.stm32cube.ide.mcu.externaltools.gnu-tools-for-stm32.7-2018-q2-update.win32_1.4.0.202007081208/tools/bin/../lib/gcc/arm-none-eabi/7.3.1/../../../../arm-none-eabi/lib/thumb/v7-m\libc_nano.a(lib_a-stdio.o)
                0x0000000008001e8a                __sseek
 .text.__sclose
                0x0000000008001eae        0x8 c:/st/stm32cubeide_1.4.0/stm32cubeide/plugins/com.st.stm32cube.ide.mcu.externaltools.gnu-tools-for-stm32.7-2018-q2-update.win32_1.4.0.202007081208/tools/bin/../lib/gcc/arm-none-eabi/7.3.1/../../../../arm-none-eabi/lib/thumb/v7-m\libc_nano.a(lib_a-stdio.o)
                0x0000000008001eae                __sclose
 *fill*         0x0000000008001eb6        0x2 
 .text._write_r
                0x0000000008001eb8       0x24 c:/st/stm32cubeide_1.4.0/stm32cubeide/plugins/com.st.stm32cube.ide.mcu.externaltools.gnu-tools-for-stm32.7-2018-q2-update.win32_1.4.0.202007081208/tools/bin/../lib/gcc/arm-none-eabi/7.3.1/../../../../arm-none-eabi/lib/thumb/v7-m\libc_nano.a(lib_a-writer.o)
                0x0000000008001eb8                _write_r
 .text._close_r
                0x0000000008001edc       0x20 c:/st/stm32cubeide_1.4.0/stm32cubeide/plugins/com.st.stm32cube.ide.mcu.externaltools.gnu-tools-for-stm32.7-2018-q2-update.win32_1.4.0.202007081208/tools/bin/../lib/gcc/arm-none-eabi/7.3.1/../../../../arm-none-eabi/lib/thumb/v7-m\libc_nano.a(lib_a-closer.o)
                0x0000000008001edc                _close_r
 .text._fstat_r
                0x0000000008001efc       0x24 c:/st/stm32cubeide_1.4.0/stm32cubeide/plugins/com.st.stm32cube.ide.mcu.externaltools.gnu-tools-for-stm32.7-2018-q2-update.win32_1.4.0.202007081208/tools/bin/../lib/gcc/arm-none-eabi/7.3.1/../../../../arm-none-eabi/lib/thumb/v7-m\libc_nano.a(lib_a-fstatr.o)
                0x0000000008001efc                _fstat_r
 .text._isatty_r
                0x0000000008001f20       0x20 c:/st/stm32cubeide_1.4.0/stm32cubeide/plugins/com.st.stm32cube.ide.mcu.externaltools.gnu-tools-for-stm32.7-2018-q2-update.win32_1.4.0.202007081208/tools/bin/../lib/gcc/arm-none-eabi/7.3.1/../../../../arm-none-eabi/lib/thumb/v7-m\libc_nano.a(lib_a-isattyr.o)
                0x0000000008001f20                _isatty_r
 .text._lseek_r
                0x0000000008001f40       0x24 c:/st/stm32cubeide_1.4.0/stm32cubeide/plugins/com.st.stm32cube.ide.mcu.externaltools.gnu-tools-for-stm32.7-2018-q2-update.win32_1.4.0.202007081208/tools/bin/../lib/gcc/arm-none-eabi/7.3.1/../../../../arm-none-eabi/lib/thumb/v7-m\libc_nano.a(lib_a-lseekr.o)
                0x0000000008001f40                _lseek_r
 .text.__malloc_lock
                0x0000000008001f64        0x2 c:/st/stm32cubeide_1.4.0/stm32cubeide/plugins/com.st.stm32cube.ide.mcu.externaltools.gnu-tools-for-stm32.7-2018-q2-update.win32_1.4.0.202007081208/tools/bin/../lib/gcc/arm-none-eabi/7.3.1/../../../../arm-none-eabi/lib/thumb/v7-m\libc_nano.a(lib_a-mlock.o)
                0x0000000008001f64                __malloc_lock
 .text.__malloc_unlock
                0x0000000008001f66        0x2 c:/st/stm32cubeide_1.4.0/stm32cubeide/plugins/com.st.stm32cube.ide.mcu.externaltools.gnu-tools-for-stm32.7-2018-q2-update.win32_1.4.0.202007081208/tools/bin/../lib/gcc/arm-none-eabi/7.3.1/../../../../arm-none-eabi/lib/thumb/v7-m\libc_nano.a(lib_a-mlock.o)
                0x0000000008001f66                __malloc_unlock
 .text._read_r  0x0000000008001f68       0x24 c:/st/stm32cubeide_1.4.0/stm32cubeide/plugins/com.st.stm32cube.ide.mcu.externaltools.gnu-tools-for-stm32.7-2018-q2-update.win32_1.4.0.202007081208/tools/bin/../lib/gcc/arm-none-eabi/7.3.1/../../../../arm-none-eabi/lib/thumb/v7-m\libc_nano.a(lib_a-readr.o)
                0x0000000008001f68                _read_r
 *(.glue_7)
 .glue_7        0x0000000008001f8c        0x0 linker stubs
 *(.glue_7t)
 .glue_7t       0x0000000008001f8c        0x0 linker stubs
 *(.eh_frame)
 .eh_frame      0x0000000008001f8c        0x0 c:/st/stm32cubeide_1.4.0/stm32cubeide/plugins/com.st.stm32cube.ide.mcu.externaltools.gnu-tools-for-stm32.7-2018-q2-update.win32_1.4.0.202007081208/tools/bin/../lib/gcc/arm-none-eabi/7.3.1/thumb/v7-m/crtbegin.o
 *(.init)
 .init          0x0000000008001f8c        0x4 c:/st/stm32cubeide_1.4.0/stm32cubeide/plugins/com.st.stm32cube.ide.mcu.externaltools.gnu-tools-for-stm32.7-2018-q2-update.win32_1.4.0.202007081208/tools/bin/../lib/gcc/arm-none-eabi/7.3.1/thumb/v7-m/crti.o
                0x0000000008001f8c                _init
 .init          0x0000000008001f90        0x8 c:/st/stm32cubeide_1.4.0/stm32cubeide/plugins/com.st.stm32cube.ide.mcu.externaltools.gnu-tools-for-stm32.7-2018-q2-update.win32_1.4.0.202007081208/tools/bin/../lib/gcc/arm-none-eabi/7.3.1/thumb/v7-m/crtn.o
 *(.fini)
 .fini          0x0000000008001f98        0x4 c:/st/stm32cubeide_1.4.0/stm32cubeide/plugins/com.st.stm32cube.ide.mcu.externaltools.gnu-tools-for-stm32.7-2018-q2-update.win32_1.4.0.202007081208/tools/bin/../lib/gcc/arm-none-eabi/7.3.1/thumb/v7-m/crti.o
                0x0000000008001f98                _fini
 .fini          0x0000000008001f9c        0x8 c:/st/stm32cubeide_1.4.0/stm32cubeide/plugins/com.st.stm32cube.ide.mcu.externaltools.gnu-tools-for-stm32.7-2018-q2-update.win32_1.4.0.202007081208/tools/bin/../lib/gcc/arm-none-eabi/7.3.1/thumb/v7-m/crtn.o
                0x0000000008001fa4                . = ALIGN (0x4)
                0x0000000008001fa4                _etext = .

.vfp11_veneer   0x0000000008001fa4        0x0
 .vfp11_veneer  0x0000000008001fa4        0x0 linker stubs

.v4_bx          0x0000000008001fa4        0x0
 .v4_bx         0x0000000008001fa4        0x0 linker stubs

.iplt           0x0000000008001fa4        0x0
 .iplt          0x0000000008001fa4        0x0 c:/st/stm32cubeide_1.4.0/stm32cubeide/plugins/com.st.stm32cube.ide.mcu.externaltools.gnu-tools-for-stm32.7-2018-q2-update.win32_1.4.0.202007081208/tools/bin/../lib/gcc/arm-none-eabi/7.3.1/thumb/v7-m/crtbegin.o

.rodata         0x0000000008001fa4      0x208
                0x0000000008001fa4                . = ALIGN (0x4)
 *(.rodata)
 .rodata        0x0000000008001fa4       0xc8 STM32F103C6Tx_Drivers/GPIO/stm32f103c6_GPIO_Driver.o
 *(.rodata*)
 .rodata.SevenSegPins
                0x000000000800206c        0x7 HAL_Drivers/7Seg/7Seg.o
 *fill*         0x0000000008002073        0x1 
 .rodata.KeyPad_Character_Matrix
                0x0000000008002074       0x10 HAL_Drivers/KeyPad/KeyPad.o
                0x0000000008002074                KeyPad_Character_Matrix
 .rodata.LCD_DataPins
                0x0000000008002084        0x8 HAL_Drivers/LCD/LCD.o
 .rodata.__func__.4228
                0x000000000800208c        0xf STM32F103C6Tx_Drivers/GPIO/stm32f103c6_GPIO_Driver.o
 *fill*         0x000000000800209b        0x1 
 .rodata.__func__.4253
                0x000000000800209c       0x12 STM32F103C6Tx_Drivers/GPIO/stm32f103c6_GPIO_Driver.o
 *fill*         0x00000000080020ae        0x2 
 .rodata.__func__.4262
                0x00000000080020b0       0x13 STM32F103C6Tx_Drivers/GPIO/stm32f103c6_GPIO_Driver.o
 *fill*         0x00000000080020c3        0x1 
 .rodata.__func__.4275
                0x00000000080020c4       0x14 STM32F103C6Tx_Drivers/GPIO/stm32f103c6_GPIO_Driver.o
 .rodata.__assert_func.str1.1
                0x00000000080020d8       0x3c c:/st/stm32cubeide_1.4.0/stm32cubeide/plugins/com.st.stm32cube.ide.mcu.externaltools.gnu-tools-for-stm32.7-2018-q2-update.win32_1.4.0.202007081208/tools/bin/../lib/gcc/arm-none-eabi/7.3.1/../../../../arm-none-eabi/lib/thumb/v7-m\libc_nano.a(lib_a-assert.o)
                                         0x3d (size before relaxing)
 .rodata._global_impure_ptr
                0x0000000008002114        0x4 c:/st/stm32cubeide_1.4.0/stm32cubeide/plugins/com.st.stm32cube.ide.mcu.externaltools.gnu-tools-for-stm32.7-2018-q2-update.win32_1.4.0.202007081208/tools/bin/../lib/gcc/arm-none-eabi/7.3.1/../../../../arm-none-eabi/lib/thumb/v7-m\libc_nano.a(lib_a-impure.o)
                0x0000000008002114                _global_impure_ptr
 .rodata._vfprintf_r.str1.1
                0x0000000008002118       0x11 c:/st/stm32cubeide_1.4.0/stm32cubeide/plugins/com.st.stm32cube.ide.mcu.externaltools.gnu-tools-for-stm32.7-2018-q2-update.win32_1.4.0.202007081208/tools/bin/../lib/gcc/arm-none-eabi/7.3.1/../../../../arm-none-eabi/lib/thumb/v7-m\libc_nano.a(lib_a-nano-vfprintf.o)
 .rodata._printf_i.str1.1
                0x0000000008002129       0x22 c:/st/stm32cubeide_1.4.0/stm32cubeide/plugins/com.st.stm32cube.ide.mcu.externaltools.gnu-tools-for-stm32.7-2018-q2-update.win32_1.4.0.202007081208/tools/bin/../lib/gcc/arm-none-eabi/7.3.1/../../../../arm-none-eabi/lib/thumb/v7-m\libc_nano.a(lib_a-nano-vfprintf_i.o)
 *fill*         0x000000000800214b        0x1 
 .rodata.__sf_fake_stderr
                0x000000000800214c       0x20 c:/st/stm32cubeide_1.4.0/stm32cubeide/plugins/com.st.stm32cube.ide.mcu.externaltools.gnu-tools-for-stm32.7-2018-q2-update.win32_1.4.0.202007081208/tools/bin/../lib/gcc/arm-none-eabi/7.3.1/../../../../arm-none-eabi/lib/thumb/v7-m\libc_nano.a(lib_a-findfp.o)
                0x000000000800214c                __sf_fake_stderr
 .rodata.__sf_fake_stdin
                0x000000000800216c       0x20 c:/st/stm32cubeide_1.4.0/stm32cubeide/plugins/com.st.stm32cube.ide.mcu.externaltools.gnu-tools-for-stm32.7-2018-q2-update.win32_1.4.0.202007081208/tools/bin/../lib/gcc/arm-none-eabi/7.3.1/../../../../arm-none-eabi/lib/thumb/v7-m\libc_nano.a(lib_a-findfp.o)
                0x000000000800216c                __sf_fake_stdin
 .rodata.__sf_fake_stdout
                0x000000000800218c       0x20 c:/st/stm32cubeide_1.4.0/stm32cubeide/plugins/com.st.stm32cube.ide.mcu.externaltools.gnu-tools-for-stm32.7-2018-q2-update.win32_1.4.0.202007081208/tools/bin/../lib/gcc/arm-none-eabi/7.3.1/../../../../arm-none-eabi/lib/thumb/v7-m\libc_nano.a(lib_a-findfp.o)
                0x000000000800218c                __sf_fake_stdout
                0x00000000080021ac                . = ALIGN (0x4)

.rel.dyn        0x00000000080021ac        0x0
 .rel.iplt      0x00000000080021ac        0x0 c:/st/stm32cubeide_1.4.0/stm32cubeide/plugins/com.st.stm32cube.ide.mcu.externaltools.gnu-tools-for-stm32.7-2018-q2-update.win32_1.4.0.202007081208/tools/bin/../lib/gcc/arm-none-eabi/7.3.1/thumb/v7-m/crtbegin.o

.ARM.extab      0x00000000080021ac        0x0
                0x00000000080021ac                . = ALIGN (0x4)
 *(.ARM.extab* .gnu.linkonce.armextab.*)
                0x00000000080021ac                . = ALIGN (0x4)

.ARM            0x00000000080021ac        0x0
                0x00000000080021ac                . = ALIGN (0x4)
                0x00000000080021ac                __exidx_start = .
 *(.ARM.exidx*)
                0x00000000080021ac                __exidx_end = .
                0x00000000080021ac                . = ALIGN (0x4)

.preinit_array  0x00000000080021ac        0x0
                0x00000000080021ac                . = ALIGN (0x4)
                0x00000000080021ac                PROVIDE (__preinit_array_start = .)
 *(.preinit_array*)
                0x00000000080021ac                PROVIDE (__preinit_array_end = .)
                0x00000000080021ac                . = ALIGN (0x4)

.init_array     0x00000000080021ac        0x4
                0x00000000080021ac                . = ALIGN (0x4)
                0x00000000080021ac                PROVIDE (__init_array_start = .)
 *(SORT_BY_NAME(.init_array.*))
 *(.init_array*)
 .init_array    0x00000000080021ac        0x4 c:/st/stm32cubeide_1.4.0/stm32cubeide/plugins/com.st.stm32cube.ide.mcu.externaltools.gnu-tools-for-stm32.7-2018-q2-update.win32_1.4.0.202007081208/tools/bin/../lib/gcc/arm-none-eabi/7.3.1/thumb/v7-m/crtbegin.o
                0x00000000080021b0                PROVIDE (__init_array_end = .)
                0x00000000080021b0                . = ALIGN (0x4)

.fini_array     0x00000000080021b0        0x4
                0x00000000080021b0                . = ALIGN (0x4)
                [!provide]                        PROVIDE (__fini_array_start = .)
 *(SORT_BY_NAME(.fini_array.*))
 *(.fini_array*)
 .fini_array    0x00000000080021b0        0x4 c:/st/stm32cubeide_1.4.0/stm32cubeide/plugins/com.st.stm32cube.ide.mcu.externaltools.gnu-tools-for-stm32.7-2018-q2-update.win32_1.4.0.202007081208/tools/bin/../lib/gcc/arm-none-eabi/7.3.1/thumb/v7-m/crtbegin.o
                [!provide]                        PROVIDE (__fini_array_end = .)
                0x00000000080021b4                . = ALIGN (0x4)
                0x00000000080021b4                _sidata = LOADADDR (.data)

.data           0x0000000020000000       0x6c load address 0x00000000080021b4
                0x0000000020000000                . = ALIGN (0x4)
                0x0000000020000000                _sdata = .
 *(.data)
 *(.data*)
 .data.KeyPad_Rows
                0x0000000020000000        0x4 HAL_Drivers/KeyPad/KeyPad.o
 .data.KeyPad_Cols
                0x0000000020000004        0x4 HAL_Drivers/KeyPad/KeyPad.o
 .data._impure_ptr
                0x0000000020000008        0x4 c:/st/stm32cubeide_1.4.0/stm32cubeide/plugins/com.st.stm32cube.ide.mcu.externaltools.gnu-tools-for-stm32.7-2018-q2-update.win32_1.4.0.202007081208/tools/bin/../lib/gcc/arm-none-eabi/7.3.1/../../../../arm-none-eabi/lib/thumb/v7-m\libc_nano.a(lib_a-impure.o)
                0x0000000020000008                _impure_ptr
 .data.impure_data
                0x000000002000000c       0x60 c:/st/stm32cubeide_1.4.0/stm32cubeide/plugins/com.st.stm32cube.ide.mcu.externaltools.gnu-tools-for-stm32.7-2018-q2-update.win32_1.4.0.202007081208/tools/bin/../lib/gcc/arm-none-eabi/7.3.1/../../../../arm-none-eabi/lib/thumb/v7-m\libc_nano.a(lib_a-impure.o)
                0x000000002000006c                . = ALIGN (0x4)
                0x000000002000006c                _edata = .

.igot.plt       0x000000002000006c        0x0 load address 0x0000000008002220
 .igot.plt      0x000000002000006c        0x0 c:/st/stm32cubeide_1.4.0/stm32cubeide/plugins/com.st.stm32cube.ide.mcu.externaltools.gnu-tools-for-stm32.7-2018-q2-update.win32_1.4.0.202007081208/tools/bin/../lib/gcc/arm-none-eabi/7.3.1/thumb/v7-m/crtbegin.o
                0x000000002000006c                . = ALIGN (0x4)

.bss            0x000000002000006c       0x34 load address 0x0000000008002220
                0x000000002000006c                _sbss = .
                0x000000002000006c                __bss_start__ = _sbss
 *(.bss)
 .bss           0x000000002000006c       0x1c c:/st/stm32cubeide_1.4.0/stm32cubeide/plugins/com.st.stm32cube.ide.mcu.externaltools.gnu-tools-for-stm32.7-2018-q2-update.win32_1.4.0.202007081208/tools/bin/../lib/gcc/arm-none-eabi/7.3.1/thumb/v7-m/crtbegin.o
 *(.bss*)
 .bss.SevenSeg_Type
                0x0000000020000088        0x1 HAL_Drivers/7Seg/7Seg.o
 .bss.counter   0x0000000020000089        0x1 HAL_Drivers/LCD/LCD.o
 .bss.LCD_Interface
                0x000000002000008a        0x1 HAL_Drivers/LCD/LCD.o
 *fill*         0x000000002000008b        0x1 
 .bss.__sbrk_heap_end
                0x000000002000008c        0x4 Src/sysmem.o
 .bss.__malloc_free_list
                0x0000000020000090        0x4 c:/st/stm32cubeide_1.4.0/stm32cubeide/plugins/com.st.stm32cube.ide.mcu.externaltools.gnu-tools-for-stm32.7-2018-q2-update.win32_1.4.0.202007081208/tools/bin/../lib/gcc/arm-none-eabi/7.3.1/../../../../arm-none-eabi/lib/thumb/v7-m\libc_nano.a(lib_a-nano-mallocr.o)
                0x0000000020000090                __malloc_free_list
 .bss.__malloc_sbrk_start
                0x0000000020000094        0x4 c:/st/stm32cubeide_1.4.0/stm32cubeide/plugins/com.st.stm32cube.ide.mcu.externaltools.gnu-tools-for-stm32.7-2018-q2-update.win32_1.4.0.202007081208/tools/bin/../lib/gcc/arm-none-eabi/7.3.1/../../../../arm-none-eabi/lib/thumb/v7-m\libc_nano.a(lib_a-nano-mallocr.o)
                0x0000000020000094                __malloc_sbrk_start
 *(COMMON)
 COMMON         0x0000000020000098        0x2 HAL_Drivers/LCD/LCD.o
                0x0000000020000098                Shift_Function
                0x0000000020000099                DDRAM_Address
 *fill*         0x000000002000009a        0x2 
 COMMON         0x000000002000009c        0x4 c:/st/stm32cubeide_1.4.0/stm32cubeide/plugins/com.st.stm32cube.ide.mcu.externaltools.gnu-tools-for-stm32.7-2018-q2-update.win32_1.4.0.202007081208/tools/bin/../lib/gcc/arm-none-eabi/7.3.1/../../../../arm-none-eabi/lib/thumb/v7-m\libc_nano.a(lib_a-reent.o)
                0x000000002000009c                errno
                0x00000000200000a0                . = ALIGN (0x4)
                0x00000000200000a0                _ebss = .
                0x00000000200000a0                __bss_end__ = _ebss

._user_heap_stack
                0x00000000200000a0      0x600 load address 0x0000000008002220
                0x00000000200000a0                . = ALIGN (0x8)
                [!provide]                        PROVIDE (end = .)
                0x00000000200000a0                PROVIDE (_end = .)
                0x00000000200002a0                . = (. + _Min_Heap_Size)
 *fill*         0x00000000200000a0      0x200 
                0x00000000200006a0                . = (. + _Min_Stack_Size)
 *fill*         0x00000000200002a0      0x400 
                0x00000000200006a0                . = ALIGN (0x8)

/DISCARD/
 libc.a(*)
 libm.a(*)
 libgcc.a(*)

.ARM.attributes
                0x0000000000000000       0x29
 *(.ARM.attributes)
 .ARM.attributes
                0x0000000000000000       0x1d c:/st/stm32cubeide_1.4.0/stm32cubeide/plugins/com.st.stm32cube.ide.mcu.externaltools.gnu-tools-for-stm32.7-2018-q2-update.win32_1.4.0.202007081208/tools/bin/../lib/gcc/arm-none-eabi/7.3.1/thumb/v7-m/crti.o
 .ARM.attributes
                0x000000000000001d       0x2d c:/st/stm32cubeide_1.4.0/stm32cubeide/plugins/com.st.stm32cube.ide.mcu.externaltools.gnu-tools-for-stm32.7-2018-q2-update.win32_1.4.0.202007081208/tools/bin/../lib/gcc/arm-none-eabi/7.3.1/thumb/v7-m/crtbegin.o
 .ARM.attributes
                0x000000000000004a       0x33 HAL_Drivers/7Seg/7Seg.o
 .ARM.attributes
                0x000000000000007d       0x33 HAL_Drivers/KeyPad/KeyPad.o
 .ARM.attributes
                0x00000000000000b0       0x33 HAL_Drivers/LCD/LCD.o
 .ARM.attributes
                0x00000000000000e3       0x33 STM32F103C6Tx_Drivers/GPIO/stm32f103c6_GPIO_Driver.o
 .ARM.attributes
                0x0000000000000116       0x33 Src/main.o
 .ARM.attributes
                0x0000000000000149       0x33 Src/syscalls.o
 .ARM.attributes
                0x000000000000017c       0x33 Src/sysmem.o
 .ARM.attributes
                0x00000000000001af       0x21 Startup/startup_stm32f103c6tx.o
 .ARM.attributes
                0x00000000000001d0       0x2d c:/st/stm32cubeide_1.4.0/stm32cubeide/plugins/com.st.stm32cube.ide.mcu.externaltools.gnu-tools-for-stm32.7-2018-q2-update.win32_1.4.0.202007081208/tools/bin/../lib/gcc/arm-none-eabi/7.3.1/../../../../arm-none-eabi/lib/thumb/v7-m\libc_nano.a(lib_a-assert.o)
 .ARM.attributes
                0x00000000000001fd       0x2d c:/st/stm32cubeide_1.4.0/stm32cubeide/plugins/com.st.stm32cube.ide.mcu.externaltools.gnu-tools-for-stm32.7-2018-q2-update.win32_1.4.0.202007081208/tools/bin/../lib/gcc/arm-none-eabi/7.3.1/../../../../arm-none-eabi/lib/thumb/v7-m\libc_nano.a(lib_a-errno.o)
 .ARM.attributes
                0x000000000000022a       0x2d c:/st/stm32cubeide_1.4.0/stm32cubeide/plugins/com.st.stm32cube.ide.mcu.externaltools.gnu-tools-for-stm32.7-2018-q2-update.win32_1.4.0.202007081208/tools/bin/../lib/gcc/arm-none-eabi/7.3.1/../../../../arm-none-eabi/lib/thumb/v7-m\libc_nano.a(lib_a-fprintf.o)
 .ARM.attributes
                0x0000000000000257       0x2d c:/st/stm32cubeide_1.4.0/stm32cubeide/plugins/com.st.stm32cube.ide.mcu.externaltools.gnu-tools-for-stm32.7-2018-q2-update.win32_1.4.0.202007081208/tools/bin/../lib/gcc/arm-none-eabi/7.3.1/../../../../arm-none-eabi/lib/thumb/v7-m\libc_nano.a(lib_a-impure.o)
 .ARM.attributes
                0x0000000000000284       0x2d c:/st/stm32cubeide_1.4.0/stm32cubeide/plugins/com.st.stm32cube.ide.mcu.externaltools.gnu-tools-for-stm32.7-2018-q2-update.win32_1.4.0.202007081208/tools/bin/../lib/gcc/arm-none-eabi/7.3.1/../../../../arm-none-eabi/lib/thumb/v7-m\libc_nano.a(lib_a-init.o)
 .ARM.attributes
                0x00000000000002b1       0x2d c:/st/stm32cubeide_1.4.0/stm32cubeide/plugins/com.st.stm32cube.ide.mcu.externaltools.gnu-tools-for-stm32.7-2018-q2-update.win32_1.4.0.202007081208/tools/bin/../lib/gcc/arm-none-eabi/7.3.1/../../../../arm-none-eabi/lib/thumb/v7-m\libc_nano.a(lib_a-memset.o)
 .ARM.attributes
                0x00000000000002de       0x2d c:/st/stm32cubeide_1.4.0/stm32cubeide/plugins/com.st.stm32cube.ide.mcu.externaltools.gnu-tools-for-stm32.7-2018-q2-update.win32_1.4.0.202007081208/tools/bin/../lib/gcc/arm-none-eabi/7.3.1/../../../../arm-none-eabi/lib/thumb/v7-m\libc_nano.a(lib_a-nano-vfprintf.o)
 .ARM.attributes
                0x000000000000030b       0x2d c:/st/stm32cubeide_1.4.0/stm32cubeide/plugins/com.st.stm32cube.ide.mcu.externaltools.gnu-tools-for-stm32.7-2018-q2-update.win32_1.4.0.202007081208/tools/bin/../lib/gcc/arm-none-eabi/7.3.1/../../../../arm-none-eabi/lib/thumb/v7-m\libc_nano.a(lib_a-nano-vfprintf_i.o)
 .ARM.attributes
                0x0000000000000338       0x2d c:/st/stm32cubeide_1.4.0/stm32cubeide/plugins/com.st.stm32cube.ide.mcu.externaltools.gnu-tools-for-stm32.7-2018-q2-update.win32_1.4.0.202007081208/tools/bin/../lib/gcc/arm-none-eabi/7.3.1/../../../../arm-none-eabi/lib/thumb/v7-m\libc_nano.a(lib_a-wbuf.o)
 .ARM.attributes
                0x0000000000000365       0x2d c:/st/stm32cubeide_1.4.0/stm32cubeide/plugins/com.st.stm32cube.ide.mcu.externaltools.gnu-tools-for-stm32.7-2018-q2-update.win32_1.4.0.202007081208/tools/bin/../lib/gcc/arm-none-eabi/7.3.1/../../../../arm-none-eabi/lib/thumb/v7-m\libc_nano.a(lib_a-wsetup.o)
 .ARM.attributes
                0x0000000000000392       0x2d c:/st/stm32cubeide_1.4.0/stm32cubeide/plugins/com.st.stm32cube.ide.mcu.externaltools.gnu-tools-for-stm32.7-2018-q2-update.win32_1.4.0.202007081208/tools/bin/../lib/gcc/arm-none-eabi/7.3.1/../../../../arm-none-eabi/lib/thumb/v7-m\libc_nano.a(lib_a-abort.o)
 .ARM.attributes
                0x00000000000003bf       0x2d c:/st/stm32cubeide_1.4.0/stm32cubeide/plugins/com.st.stm32cube.ide.mcu.externaltools.gnu-tools-for-stm32.7-2018-q2-update.win32_1.4.0.202007081208/tools/bin/../lib/gcc/arm-none-eabi/7.3.1/../../../../arm-none-eabi/lib/thumb/v7-m\libc_nano.a(lib_a-fflush.o)
 .ARM.attributes
                0x00000000000003ec       0x2d c:/st/stm32cubeide_1.4.0/stm32cubeide/plugins/com.st.stm32cube.ide.mcu.externaltools.gnu-tools-for-stm32.7-2018-q2-update.win32_1.4.0.202007081208/tools/bin/../lib/gcc/arm-none-eabi/7.3.1/../../../../arm-none-eabi/lib/thumb/v7-m\libc_nano.a(lib_a-findfp.o)
 .ARM.attributes
                0x0000000000000419       0x2d c:/st/stm32cubeide_1.4.0/stm32cubeide/plugins/com.st.stm32cube.ide.mcu.externaltools.gnu-tools-for-stm32.7-2018-q2-update.win32_1.4.0.202007081208/tools/bin/../lib/gcc/arm-none-eabi/7.3.1/../../../../arm-none-eabi/lib/thumb/v7-m\libc_nano.a(lib_a-fwalk.o)
 .ARM.attributes
                0x0000000000000446       0x2d c:/st/stm32cubeide_1.4.0/stm32cubeide/plugins/com.st.stm32cube.ide.mcu.externaltools.gnu-tools-for-stm32.7-2018-q2-update.win32_1.4.0.202007081208/tools/bin/../lib/gcc/arm-none-eabi/7.3.1/../../../../arm-none-eabi/lib/thumb/v7-m\libc_nano.a(lib_a-makebuf.o)
 .ARM.attributes
                0x0000000000000473       0x2d c:/st/stm32cubeide_1.4.0/stm32cubeide/plugins/com.st.stm32cube.ide.mcu.externaltools.gnu-tools-for-stm32.7-2018-q2-update.win32_1.4.0.202007081208/tools/bin/../lib/gcc/arm-none-eabi/7.3.1/../../../../arm-none-eabi/lib/thumb/v7-m\libc_nano.a(lib_a-memchr-stub.o)
 .ARM.attributes
                0x00000000000004a0       0x2d c:/st/stm32cubeide_1.4.0/stm32cubeide/plugins/com.st.stm32cube.ide.mcu.externaltools.gnu-tools-for-stm32.7-2018-q2-update.win32_1.4.0.202007081208/tools/bin/../lib/gcc/arm-none-eabi/7.3.1/../../../../arm-none-eabi/lib/thumb/v7-m\libc_nano.a(lib_a-nano-freer.o)
 .ARM.attributes
                0x00000000000004cd       0x2d c:/st/stm32cubeide_1.4.0/stm32cubeide/plugins/com.st.stm32cube.ide.mcu.externaltools.gnu-tools-for-stm32.7-2018-q2-update.win32_1.4.0.202007081208/tools/bin/../lib/gcc/arm-none-eabi/7.3.1/../../../../arm-none-eabi/lib/thumb/v7-m\libc_nano.a(lib_a-nano-mallocr.o)
 .ARM.attributes
                0x00000000000004fa       0x2d c:/st/stm32cubeide_1.4.0/stm32cubeide/plugins/com.st.stm32cube.ide.mcu.externaltools.gnu-tools-for-stm32.7-2018-q2-update.win32_1.4.0.202007081208/tools/bin/../lib/gcc/arm-none-eabi/7.3.1/../../../../arm-none-eabi/lib/thumb/v7-m\libc_nano.a(lib_a-sbrkr.o)
 .ARM.attributes
                0x0000000000000527       0x2d c:/st/stm32cubeide_1.4.0/stm32cubeide/plugins/com.st.stm32cube.ide.mcu.externaltools.gnu-tools-for-stm32.7-2018-q2-update.win32_1.4.0.202007081208/tools/bin/../lib/gcc/arm-none-eabi/7.3.1/../../../../arm-none-eabi/lib/thumb/v7-m\libc_nano.a(lib_a-signal.o)
 .ARM.attributes
                0x0000000000000554       0x2d c:/st/stm32cubeide_1.4.0/stm32cubeide/plugins/com.st.stm32cube.ide.mcu.externaltools.gnu-tools-for-stm32.7-2018-q2-update.win32_1.4.0.202007081208/tools/bin/../lib/gcc/arm-none-eabi/7.3.1/../../../../arm-none-eabi/lib/thumb/v7-m\libc_nano.a(lib_a-signalr.o)
 .ARM.attributes
                0x0000000000000581       0x2d c:/st/stm32cubeide_1.4.0/stm32cubeide/plugins/com.st.stm32cube.ide.mcu.externaltools.gnu-tools-for-stm32.7-2018-q2-update.win32_1.4.0.202007081208/tools/bin/../lib/gcc/arm-none-eabi/7.3.1/../../../../arm-none-eabi/lib/thumb/v7-m\libc_nano.a(lib_a-stdio.o)
 .ARM.attributes
                0x00000000000005ae       0x2d c:/st/stm32cubeide_1.4.0/stm32cubeide/plugins/com.st.stm32cube.ide.mcu.externaltools.gnu-tools-for-stm32.7-2018-q2-update.win32_1.4.0.202007081208/tools/bin/../lib/gcc/arm-none-eabi/7.3.1/../../../../arm-none-eabi/lib/thumb/v7-m\libc_nano.a(lib_a-writer.o)
 .ARM.attributes
                0x00000000000005db       0x2d c:/st/stm32cubeide_1.4.0/stm32cubeide/plugins/com.st.stm32cube.ide.mcu.externaltools.gnu-tools-for-stm32.7-2018-q2-update.win32_1.4.0.202007081208/tools/bin/../lib/gcc/arm-none-eabi/7.3.1/../../../../arm-none-eabi/lib/thumb/v7-m\libc_nano.a(lib_a-closer.o)
 .ARM.attributes
                0x0000000000000608       0x2d c:/st/stm32cubeide_1.4.0/stm32cubeide/plugins/com.st.stm32cube.ide.mcu.externaltools.gnu-tools-for-stm32.7-2018-q2-update.win32_1.4.0.202007081208/tools/bin/../lib/gcc/arm-none-eabi/7.3.1/../../../../arm-none-eabi/lib/thumb/v7-m\libc_nano.a(lib_a-fstatr.o)
 .ARM.attributes
                0x0000000000000635       0x2d c:/st/stm32cubeide_1.4.0/stm32cubeide/plugins/com.st.stm32cube.ide.mcu.externaltools.gnu-tools-for-stm32.7-2018-q2-update.win32_1.4.0.202007081208/tools/bin/../lib/gcc/arm-none-eabi/7.3.1/../../../../arm-none-eabi/lib/thumb/v7-m\libc_nano.a(lib_a-isattyr.o)
 .ARM.attributes
                0x0000000000000662       0x2d c:/st/stm32cubeide_1.4.0/stm32cubeide/plugins/com.st.stm32cube.ide.mcu.externaltools.gnu-tools-for-stm32.7-2018-q2-update.win32_1.4.0.202007081208/tools/bin/../lib/gcc/arm-none-eabi/7.3.1/../../../../arm-none-eabi/lib/thumb/v7-m\libc_nano.a(lib_a-lseekr.o)
 .ARM.attributes
                0x000000000000068f       0x2d c:/st/stm32cubeide_1.4.0/stm32cubeide/plugins/com.st.stm32cube.ide.mcu.externaltools.gnu-tools-for-stm32.7-2018-q2-update.win32_1.4.0.202007081208/tools/bin/../lib/gcc/arm-none-eabi/7.3.1/../../../../arm-none-eabi/lib/thumb/v7-m\libc_nano.a(lib_a-mlock.o)
 .ARM.attributes
                0x00000000000006bc       0x2d c:/st/stm32cubeide_1.4.0/stm32cubeide/plugins/com.st.stm32cube.ide.mcu.externaltools.gnu-tools-for-stm32.7-2018-q2-update.win32_1.4.0.202007081208/tools/bin/../lib/gcc/arm-none-eabi/7.3.1/../../../../arm-none-eabi/lib/thumb/v7-m\libc_nano.a(lib_a-readr.o)
 .ARM.attributes
                0x00000000000006e9       0x2d c:/st/stm32cubeide_1.4.0/stm32cubeide/plugins/com.st.stm32cube.ide.mcu.externaltools.gnu-tools-for-stm32.7-2018-q2-update.win32_1.4.0.202007081208/tools/bin/../lib/gcc/arm-none-eabi/7.3.1/../../../../arm-none-eabi/lib/thumb/v7-m\libc_nano.a(lib_a-reent.o)
 .ARM.attributes
                0x0000000000000716       0x1d c:/st/stm32cubeide_1.4.0/stm32cubeide/plugins/com.st.stm32cube.ide.mcu.externaltools.gnu-tools-for-stm32.7-2018-q2-update.win32_1.4.0.202007081208/tools/bin/../lib/gcc/arm-none-eabi/7.3.1/thumb/v7-m/crtn.o
OUTPUT(Unit7_Lesson3_Section.elf elf32-littlearm)

.debug_info     0x0000000000000000     0x2cef
 .debug_info    0x0000000000000000      0x26d HAL_Drivers/7Seg/7Seg.o
 .debug_info    0x000000000000026d      0x272 HAL_Drivers/KeyPad/KeyPad.o
 .debug_info    0x00000000000004df      0x55e HAL_Drivers/LCD/LCD.o
 .debug_info    0x0000000000000a3d      0x4b9 STM32F103C6Tx_Drivers/GPIO/stm32f103c6_GPIO_Driver.o
 .debug_info    0x0000000000000ef6      0x323 Src/main.o
 .debug_info    0x0000000000001219     0x1038 Src/syscalls.o
 .debug_info    0x0000000000002251      0xa7c Src/sysmem.o
 .debug_info    0x0000000000002ccd       0x22 Startup/startup_stm32f103c6tx.o

.debug_abbrev   0x0000000000000000      0xa00
 .debug_abbrev  0x0000000000000000      0x10f HAL_Drivers/7Seg/7Seg.o
 .debug_abbrev  0x000000000000010f      0x11e HAL_Drivers/KeyPad/KeyPad.o
 .debug_abbrev  0x000000000000022d      0x184 HAL_Drivers/LCD/LCD.o
 .debug_abbrev  0x00000000000003b1      0x136 STM32F103C6Tx_Drivers/GPIO/stm32f103c6_GPIO_Driver.o
 .debug_abbrev  0x00000000000004e7      0x125 Src/main.o
 .debug_abbrev  0x000000000000060c      0x254 Src/syscalls.o
 .debug_abbrev  0x0000000000000860      0x18e Src/sysmem.o
 .debug_abbrev  0x00000000000009ee       0x12 Startup/startup_stm32f103c6tx.o

.debug_loc      0x0000000000000000      0xe14
 .debug_loc     0x0000000000000000       0xf0 HAL_Drivers/7Seg/7Seg.o
 .debug_loc     0x00000000000000f0       0xfc HAL_Drivers/KeyPad/KeyPad.o
 .debug_loc     0x00000000000001ec      0x2a4 HAL_Drivers/LCD/LCD.o
 .debug_loc     0x0000000000000490      0x300 STM32F103C6Tx_Drivers/GPIO/stm32f103c6_GPIO_Driver.o
 .debug_loc     0x0000000000000790       0x7c Src/main.o
 .debug_loc     0x000000000000080c      0x5b8 Src/syscalls.o
 .debug_loc     0x0000000000000dc4       0x50 Src/sysmem.o

.debug_aranges  0x0000000000000000      0x230
 .debug_aranges
                0x0000000000000000       0x30 HAL_Drivers/7Seg/7Seg.o
 .debug_aranges
                0x0000000000000030       0x30 HAL_Drivers/KeyPad/KeyPad.o
 .debug_aranges
                0x0000000000000060       0x58 HAL_Drivers/LCD/LCD.o
 .debug_aranges
                0x00000000000000b8       0x60 STM32F103C6Tx_Drivers/GPIO/stm32f103c6_GPIO_Driver.o
 .debug_aranges
                0x0000000000000118       0x28 Src/main.o
 .debug_aranges
                0x0000000000000140       0xa8 Src/syscalls.o
 .debug_aranges
                0x00000000000001e8       0x20 Src/sysmem.o
 .debug_aranges
                0x0000000000000208       0x28 Startup/startup_stm32f103c6tx.o

.debug_ranges   0x0000000000000000      0x1b8
 .debug_ranges  0x0000000000000000       0x20 HAL_Drivers/7Seg/7Seg.o
 .debug_ranges  0x0000000000000020       0x20 HAL_Drivers/KeyPad/KeyPad.o
 .debug_ranges  0x0000000000000040       0x48 HAL_Drivers/LCD/LCD.o
 .debug_ranges  0x0000000000000088       0x50 STM32F103C6Tx_Drivers/GPIO/stm32f103c6_GPIO_Driver.o
 .debug_ranges  0x00000000000000d8       0x18 Src/main.o
 .debug_ranges  0x00000000000000f0       0x98 Src/syscalls.o
 .debug_ranges  0x0000000000000188       0x10 Src/sysmem.o
 .debug_ranges  0x0000000000000198       0x20 Startup/startup_stm32f103c6tx.o

.debug_macro    0x0000000000000000     0x2e41
 .debug_macro   0x0000000000000000       0x94 HAL_Drivers/7Seg/7Seg.o
 .debug_macro   0x0000000000000094      0xa60 HAL_Drivers/7Seg/7Seg.o
 .debug_macro   0x0000000000000af4       0x22 HAL_Drivers/7Seg/7Seg.o
 .debug_macro   0x0000000000000b16       0x8e HAL_Drivers/7Seg/7Seg.o
 .debug_macro   0x0000000000000ba4       0x51 HAL_Drivers/7Seg/7Seg.o
 .debug_macro   0x0000000000000bf5       0xef HAL_Drivers/7Seg/7Seg.o
 .debug_macro   0x0000000000000ce4       0x6a HAL_Drivers/7Seg/7Seg.o
 .debug_macro   0x0000000000000d4e      0x1df HAL_Drivers/7Seg/7Seg.o
 .debug_macro   0x0000000000000f2d       0x9f HAL_Drivers/7Seg/7Seg.o
 .debug_macro   0x0000000000000fcc       0xb8 HAL_Drivers/7Seg/7Seg.o
 .debug_macro   0x0000000000001084       0x46 HAL_Drivers/7Seg/7Seg.o
 .debug_macro   0x00000000000010ca       0x9d HAL_Drivers/KeyPad/KeyPad.o
 .debug_macro   0x0000000000001167       0x4c HAL_Drivers/KeyPad/KeyPad.o
 .debug_macro   0x00000000000011b3       0x28 HAL_Drivers/KeyPad/KeyPad.o
 .debug_macro   0x00000000000011db       0xa1 HAL_Drivers/LCD/LCD.o
 .debug_macro   0x000000000000127c       0xc4 HAL_Drivers/LCD/LCD.o
 .debug_macro   0x0000000000001340       0xba STM32F103C6Tx_Drivers/GPIO/stm32f103c6_GPIO_Driver.o
 .debug_macro   0x00000000000013fa       0x46 STM32F103C6Tx_Drivers/GPIO/stm32f103c6_GPIO_Driver.o
 .debug_macro   0x0000000000001440       0x18 STM32F103C6Tx_Drivers/GPIO/stm32f103c6_GPIO_Driver.o
 .debug_macro   0x0000000000001458       0x3c STM32F103C6Tx_Drivers/GPIO/stm32f103c6_GPIO_Driver.o
 .debug_macro   0x0000000000001494       0x34 STM32F103C6Tx_Drivers/GPIO/stm32f103c6_GPIO_Driver.o
 .debug_macro   0x00000000000014c8       0x1c STM32F103C6Tx_Drivers/GPIO/stm32f103c6_GPIO_Driver.o
 .debug_macro   0x00000000000014e4       0xaf Src/main.o
 .debug_macro   0x0000000000001593       0x52 Src/main.o
 .debug_macro   0x00000000000015e5       0x4c Src/main.o
 .debug_macro   0x0000000000001631      0x243 Src/syscalls.o
 .debug_macro   0x0000000000001874       0x40 Src/syscalls.o
 .debug_macro   0x00000000000018b4       0x94 Src/syscalls.o
 .debug_macro   0x0000000000001948       0x57 Src/syscalls.o
 .debug_macro   0x000000000000199f      0x174 Src/syscalls.o
 .debug_macro   0x0000000000001b13      0x330 Src/syscalls.o
 .debug_macro   0x0000000000001e43       0x52 Src/syscalls.o
 .debug_macro   0x0000000000001e95       0x1f Src/syscalls.o
 .debug_macro   0x0000000000001eb4       0x43 Src/syscalls.o
 .debug_macro   0x0000000000001ef7       0x20 Src/syscalls.o
 .debug_macro   0x0000000000001f17      0x1a3 Src/syscalls.o
 .debug_macro   0x00000000000020ba       0x10 Src/syscalls.o
 .debug_macro   0x00000000000020ca       0x35 Src/syscalls.o
 .debug_macro   0x00000000000020ff       0x10 Src/syscalls.o
 .debug_macro   0x000000000000210f       0x10 Src/syscalls.o
 .debug_macro   0x000000000000211f       0x10 Src/syscalls.o
 .debug_macro   0x000000000000212f       0x1c Src/syscalls.o
 .debug_macro   0x000000000000214b       0x52 Src/syscalls.o
 .debug_macro   0x000000000000219d       0x40 Src/syscalls.o
 .debug_macro   0x00000000000021dd       0x10 Src/syscalls.o
 .debug_macro   0x00000000000021ed       0x40 Src/syscalls.o
 .debug_macro   0x000000000000222d       0xd7 Src/syscalls.o
 .debug_macro   0x0000000000002304       0x1c Src/syscalls.o
 .debug_macro   0x0000000000002320       0x3d Src/syscalls.o
 .debug_macro   0x000000000000235d       0x35 Src/syscalls.o
 .debug_macro   0x0000000000002392      0x122 Src/syscalls.o
 .debug_macro   0x00000000000024b4       0x16 Src/syscalls.o
 .debug_macro   0x00000000000024ca       0x16 Src/syscalls.o
 .debug_macro   0x00000000000024e0       0x29 Src/syscalls.o
 .debug_macro   0x0000000000002509       0x10 Src/syscalls.o
 .debug_macro   0x0000000000002519      0x241 Src/syscalls.o
 .debug_macro   0x000000000000275a       0x1c Src/syscalls.o
 .debug_macro   0x0000000000002776       0x10 Src/syscalls.o
 .debug_macro   0x0000000000002786       0x10 Src/syscalls.o
 .debug_macro   0x0000000000002796       0x16 Src/syscalls.o
 .debug_macro   0x00000000000027ac      0x145 Src/syscalls.o
 .debug_macro   0x00000000000028f1      0x189 Src/syscalls.o
 .debug_macro   0x0000000000002a7a       0x16 Src/syscalls.o
 .debug_macro   0x0000000000002a90       0x88 Src/syscalls.o
 .debug_macro   0x0000000000002b18       0xee Src/sysmem.o
 .debug_macro   0x0000000000002c06      0x23b Src/sysmem.o

.debug_line     0x0000000000000000     0x2883
 .debug_line    0x0000000000000000      0x521 HAL_Drivers/7Seg/7Seg.o
 .debug_line    0x0000000000000521      0x54f HAL_Drivers/KeyPad/KeyPad.o
 .debug_line    0x0000000000000a70      0x66b HAL_Drivers/LCD/LCD.o
 .debug_line    0x00000000000010db      0x655 STM32F103C6Tx_Drivers/GPIO/stm32f103c6_GPIO_Driver.o
 .debug_line    0x0000000000001730      0x4d4 Src/main.o
 .debug_line    0x0000000000001c04      0x739 Src/syscalls.o
 .debug_line    0x000000000000233d      0x4c2 Src/sysmem.o
 .debug_line    0x00000000000027ff       0x84 Startup/startup_stm32f103c6tx.o

.debug_str      0x0000000000000000     0xa011
 .debug_str     0x0000000000000000     0x41ed HAL_Drivers/7Seg/7Seg.o
                                       0x435e (size before relaxing)
 .debug_str     0x00000000000041ed      0x23a HAL_Drivers/KeyPad/KeyPad.o
                                       0x441c (size before relaxing)
 .debug_str     0x0000000000004427      0x46e HAL_Drivers/LCD/LCD.o
                                       0x471e (size before relaxing)
 .debug_str     0x0000000000004895      0x464 STM32F103C6Tx_Drivers/GPIO/stm32f103c6_GPIO_Driver.o
                                       0x4667 (size before relaxing)
 .debug_str     0x0000000000004cf9       0x29 Src/main.o
                                       0x4836 (size before relaxing)
 .debug_str     0x0000000000004d22     0x5258 Src/syscalls.o
                                       0x889e (size before relaxing)
 .debug_str     0x0000000000009f7a       0x66 Src/sysmem.o
                                       0x5f6c (size before relaxing)
 .debug_str     0x0000000000009fe0       0x31 Startup/startup_stm32f103c6tx.o
                                         0x8f (size before relaxing)

.comment        0x0000000000000000       0x7b
 .comment       0x0000000000000000       0x7b HAL_Drivers/7Seg/7Seg.o
                                         0x7c (size before relaxing)
 .comment       0x000000000000007b       0x7c HAL_Drivers/KeyPad/KeyPad.o
 .comment       0x000000000000007b       0x7c HAL_Drivers/LCD/LCD.o
 .comment       0x000000000000007b       0x7c STM32F103C6Tx_Drivers/GPIO/stm32f103c6_GPIO_Driver.o
 .comment       0x000000000000007b       0x7c Src/main.o
 .comment       0x000000000000007b       0x7c Src/syscalls.o
 .comment       0x000000000000007b       0x7c Src/sysmem.o

.debug_frame    0x0000000000000000      0xf90
 .debug_frame   0x0000000000000000       0x7c HAL_Drivers/7Seg/7Seg.o
 .debug_frame   0x000000000000007c       0x80 HAL_Drivers/KeyPad/KeyPad.o
 .debug_frame   0x00000000000000fc      0x144 HAL_Drivers/LCD/LCD.o
 .debug_frame   0x0000000000000240      0x164 STM32F103C6Tx_Drivers/GPIO/stm32f103c6_GPIO_Driver.o
 .debug_frame   0x00000000000003a4       0x50 Src/main.o
 .debug_frame   0x00000000000003f4      0x2ac Src/syscalls.o
 .debug_frame   0x00000000000006a0       0x34 Src/sysmem.o
 .debug_frame   0x00000000000006d4       0x40 c:/st/stm32cubeide_1.4.0/stm32cubeide/plugins/com.st.stm32cube.ide.mcu.externaltools.gnu-tools-for-stm32.7-2018-q2-update.win32_1.4.0.202007081208/tools/bin/../lib/gcc/arm-none-eabi/7.3.1/../../../../arm-none-eabi/lib/thumb/v7-m\libc_nano.a(lib_a-assert.o)
 .debug_frame   0x0000000000000714       0x20 c:/st/stm32cubeide_1.4.0/stm32cubeide/plugins/com.st.stm32cube.ide.mcu.externaltools.gnu-tools-for-stm32.7-2018-q2-update.win32_1.4.0.202007081208/tools/bin/../lib/gcc/arm-none-eabi/7.3.1/../../../../arm-none-eabi/lib/thumb/v7-m\libc_nano.a(lib_a-errno.o)
 .debug_frame   0x0000000000000734       0x64 c:/st/stm32cubeide_1.4.0/stm32cubeide/plugins/com.st.stm32cube.ide.mcu.externaltools.gnu-tools-for-stm32.7-2018-q2-update.win32_1.4.0.202007081208/tools/bin/../lib/gcc/arm-none-eabi/7.3.1/../../../../arm-none-eabi/lib/thumb/v7-m\libc_nano.a(lib_a-fprintf.o)
 .debug_frame   0x0000000000000798       0x2c c:/st/stm32cubeide_1.4.0/stm32cubeide/plugins/com.st.stm32cube.ide.mcu.externaltools.gnu-tools-for-stm32.7-2018-q2-update.win32_1.4.0.202007081208/tools/bin/../lib/gcc/arm-none-eabi/7.3.1/../../../../arm-none-eabi/lib/thumb/v7-m\libc_nano.a(lib_a-init.o)
 .debug_frame   0x00000000000007c4       0x20 c:/st/stm32cubeide_1.4.0/stm32cubeide/plugins/com.st.stm32cube.ide.mcu.externaltools.gnu-tools-for-stm32.7-2018-q2-update.win32_1.4.0.202007081208/tools/bin/../lib/gcc/arm-none-eabi/7.3.1/../../../../arm-none-eabi/lib/thumb/v7-m\libc_nano.a(lib_a-memset.o)
 .debug_frame   0x00000000000007e4       0xac c:/st/stm32cubeide_1.4.0/stm32cubeide/plugins/com.st.stm32cube.ide.mcu.externaltools.gnu-tools-for-stm32.7-2018-q2-update.win32_1.4.0.202007081208/tools/bin/../lib/gcc/arm-none-eabi/7.3.1/../../../../arm-none-eabi/lib/thumb/v7-m\libc_nano.a(lib_a-nano-vfprintf.o)
 .debug_frame   0x0000000000000890       0x60 c:/st/stm32cubeide_1.4.0/stm32cubeide/plugins/com.st.stm32cube.ide.mcu.externaltools.gnu-tools-for-stm32.7-2018-q2-update.win32_1.4.0.202007081208/tools/bin/../lib/gcc/arm-none-eabi/7.3.1/../../../../arm-none-eabi/lib/thumb/v7-m\libc_nano.a(lib_a-nano-vfprintf_i.o)
 .debug_frame   0x00000000000008f0       0x40 c:/st/stm32cubeide_1.4.0/stm32cubeide/plugins/com.st.stm32cube.ide.mcu.externaltools.gnu-tools-for-stm32.7-2018-q2-update.win32_1.4.0.202007081208/tools/bin/../lib/gcc/arm-none-eabi/7.3.1/../../../../arm-none-eabi/lib/thumb/v7-m\libc_nano.a(lib_a-wbuf.o)
 .debug_frame   0x0000000000000930       0x2c c:/st/stm32cubeide_1.4.0/stm32cubeide/plugins/com.st.stm32cube.ide.mcu.externaltools.gnu-tools-for-stm32.7-2018-q2-update.win32_1.4.0.202007081208/tools/bin/../lib/gcc/arm-none-eabi/7.3.1/../../../../arm-none-eabi/lib/thumb/v7-m\libc_nano.a(lib_a-wsetup.o)
 .debug_frame   0x000000000000095c       0x28 c:/st/stm32cubeide_1.4.0/stm32cubeide/plugins/com.st.stm32cube.ide.mcu.externaltools.gnu-tools-for-stm32.7-2018-q2-update.win32_1.4.0.202007081208/tools/bin/../lib/gcc/arm-none-eabi/7.3.1/../../../../arm-none-eabi/lib/thumb/v7-m\libc_nano.a(lib_a-abort.o)
 .debug_frame   0x0000000000000984       0x68 c:/st/stm32cubeide_1.4.0/stm32cubeide/plugins/com.st.stm32cube.ide.mcu.externaltools.gnu-tools-for-stm32.7-2018-q2-update.win32_1.4.0.202007081208/tools/bin/../lib/gcc/arm-none-eabi/7.3.1/../../../../arm-none-eabi/lib/thumb/v7-m\libc_nano.a(lib_a-fflush.o)
 .debug_frame   0x00000000000009ec      0x11c c:/st/stm32cubeide_1.4.0/stm32cubeide/plugins/com.st.stm32cube.ide.mcu.externaltools.gnu-tools-for-stm32.7-2018-q2-update.win32_1.4.0.202007081208/tools/bin/../lib/gcc/arm-none-eabi/7.3.1/../../../../arm-none-eabi/lib/thumb/v7-m\libc_nano.a(lib_a-findfp.o)
 .debug_frame   0x0000000000000b08       0x54 c:/st/stm32cubeide_1.4.0/stm32cubeide/plugins/com.st.stm32cube.ide.mcu.externaltools.gnu-tools-for-stm32.7-2018-q2-update.win32_1.4.0.202007081208/tools/bin/../lib/gcc/arm-none-eabi/7.3.1/../../../../arm-none-eabi/lib/thumb/v7-m\libc_nano.a(lib_a-fwalk.o)
 .debug_frame   0x0000000000000b5c       0x58 c:/st/stm32cubeide_1.4.0/stm32cubeide/plugins/com.st.stm32cube.ide.mcu.externaltools.gnu-tools-for-stm32.7-2018-q2-update.win32_1.4.0.202007081208/tools/bin/../lib/gcc/arm-none-eabi/7.3.1/../../../../arm-none-eabi/lib/thumb/v7-m\libc_nano.a(lib_a-makebuf.o)
 .debug_frame   0x0000000000000bb4       0x28 c:/st/stm32cubeide_1.4.0/stm32cubeide/plugins/com.st.stm32cube.ide.mcu.externaltools.gnu-tools-for-stm32.7-2018-q2-update.win32_1.4.0.202007081208/tools/bin/../lib/gcc/arm-none-eabi/7.3.1/../../../../arm-none-eabi/lib/thumb/v7-m\libc_nano.a(lib_a-memchr-stub.o)
 .debug_frame   0x0000000000000bdc       0x38 c:/st/stm32cubeide_1.4.0/stm32cubeide/plugins/com.st.stm32cube.ide.mcu.externaltools.gnu-tools-for-stm32.7-2018-q2-update.win32_1.4.0.202007081208/tools/bin/../lib/gcc/arm-none-eabi/7.3.1/../../../../arm-none-eabi/lib/thumb/v7-m\libc_nano.a(lib_a-nano-freer.o)
 .debug_frame   0x0000000000000c14       0x2c c:/st/stm32cubeide_1.4.0/stm32cubeide/plugins/com.st.stm32cube.ide.mcu.externaltools.gnu-tools-for-stm32.7-2018-q2-update.win32_1.4.0.202007081208/tools/bin/../lib/gcc/arm-none-eabi/7.3.1/../../../../arm-none-eabi/lib/thumb/v7-m\libc_nano.a(lib_a-nano-mallocr.o)
 .debug_frame   0x0000000000000c40       0x2c c:/st/stm32cubeide_1.4.0/stm32cubeide/plugins/com.st.stm32cube.ide.mcu.externaltools.gnu-tools-for-stm32.7-2018-q2-update.win32_1.4.0.202007081208/tools/bin/../lib/gcc/arm-none-eabi/7.3.1/../../../../arm-none-eabi/lib/thumb/v7-m\libc_nano.a(lib_a-sbrkr.o)
 .debug_frame   0x0000000000000c6c       0xcc c:/st/stm32cubeide_1.4.0/stm32cubeide/plugins/com.st.stm32cube.ide.mcu.externaltools.gnu-tools-for-stm32.7-2018-q2-update.win32_1.4.0.202007081208/tools/bin/../lib/gcc/arm-none-eabi/7.3.1/../../../../arm-none-eabi/lib/thumb/v7-m\libc_nano.a(lib_a-signal.o)
 .debug_frame   0x0000000000000d38       0x3c c:/st/stm32cubeide_1.4.0/stm32cubeide/plugins/com.st.stm32cube.ide.mcu.externaltools.gnu-tools-for-stm32.7-2018-q2-update.win32_1.4.0.202007081208/tools/bin/../lib/gcc/arm-none-eabi/7.3.1/../../../../arm-none-eabi/lib/thumb/v7-m\libc_nano.a(lib_a-signalr.o)
 .debug_frame   0x0000000000000d74       0x88 c:/st/stm32cubeide_1.4.0/stm32cubeide/plugins/com.st.stm32cube.ide.mcu.externaltools.gnu-tools-for-stm32.7-2018-q2-update.win32_1.4.0.202007081208/tools/bin/../lib/gcc/arm-none-eabi/7.3.1/../../../../arm-none-eabi/lib/thumb/v7-m\libc_nano.a(lib_a-stdio.o)
 .debug_frame   0x0000000000000dfc       0x2c c:/st/stm32cubeide_1.4.0/stm32cubeide/plugins/com.st.stm32cube.ide.mcu.externaltools.gnu-tools-for-stm32.7-2018-q2-update.win32_1.4.0.202007081208/tools/bin/../lib/gcc/arm-none-eabi/7.3.1/../../../../arm-none-eabi/lib/thumb/v7-m\libc_nano.a(lib_a-writer.o)
 .debug_frame   0x0000000000000e28       0x2c c:/st/stm32cubeide_1.4.0/stm32cubeide/plugins/com.st.stm32cube.ide.mcu.externaltools.gnu-tools-for-stm32.7-2018-q2-update.win32_1.4.0.202007081208/tools/bin/../lib/gcc/arm-none-eabi/7.3.1/../../../../arm-none-eabi/lib/thumb/v7-m\libc_nano.a(lib_a-closer.o)
 .debug_frame   0x0000000000000e54       0x2c c:/st/stm32cubeide_1.4.0/stm32cubeide/plugins/com.st.stm32cube.ide.mcu.externaltools.gnu-tools-for-stm32.7-2018-q2-update.win32_1.4.0.202007081208/tools/bin/../lib/gcc/arm-none-eabi/7.3.1/../../../../arm-none-eabi/lib/thumb/v7-m\libc_nano.a(lib_a-fstatr.o)
 .debug_frame   0x0000000000000e80       0x2c c:/st/stm32cubeide_1.4.0/stm32cubeide/plugins/com.st.stm32cube.ide.mcu.externaltools.gnu-tools-for-stm32.7-2018-q2-update.win32_1.4.0.202007081208/tools/bin/../lib/gcc/arm-none-eabi/7.3.1/../../../../arm-none-eabi/lib/thumb/v7-m\libc_nano.a(lib_a-isattyr.o)
 .debug_frame   0x0000000000000eac       0x2c c:/st/stm32cubeide_1.4.0/stm32cubeide/plugins/com.st.stm32cube.ide.mcu.externaltools.gnu-tools-for-stm32.7-2018-q2-update.win32_1.4.0.202007081208/tools/bin/../lib/gcc/arm-none-eabi/7.3.1/../../../../arm-none-eabi/lib/thumb/v7-m\libc_nano.a(lib_a-lseekr.o)
 .debug_frame   0x0000000000000ed8       0x30 c:/st/stm32cubeide_1.4.0/stm32cubeide/plugins/com.st.stm32cube.ide.mcu.externaltools.gnu-tools-for-stm32.7-2018-q2-update.win32_1.4.0.202007081208/tools/bin/../lib/gcc/arm-none-eabi/7.3.1/../../../../arm-none-eabi/lib/thumb/v7-m\libc_nano.a(lib_a-mlock.o)
 .debug_frame   0x0000000000000f08       0x2c c:/st/stm32cubeide_1.4.0/stm32cubeide/plugins/com.st.stm32cube.ide.mcu.externaltools.gnu-tools-for-stm32.7-2018-q2-update.win32_1.4.0.202007081208/tools/bin/../lib/gcc/arm-none-eabi/7.3.1/../../../../arm-none-eabi/lib/thumb/v7-m\libc_nano.a(lib_a-readr.o)
 .debug_frame   0x0000000000000f34       0x5c c:/st/stm32cubeide_1.4.0/stm32cubeide/plugins/com.st.stm32cube.ide.mcu.externaltools.gnu-tools-for-stm32.7-2018-q2-update.win32_1.4.0.202007081208/tools/bin/../lib/gcc/arm-none-eabi/7.3.1/../../../../arm-none-eabi/lib/thumb/v7-m\libc_nano.a(lib_a-reent.o)
