
Memory Configuration

Name             Origin             Length             Attributes
flash            0x0000000000000000 0x0000000000040000 xr
sram             0x0000000020000000 0x0000000000008000 xrw
*default*        0x0000000000000000 0xffffffffffffffff

Linker script and memory map


.text           0x0000000000000000      0x158
 *(.vector*)
 .vector_table  0x0000000000000000       0x40 startup.o
                0x0000000000000000                vector_table
 *(.text)
 .text          0x0000000000000040       0x8c main.o
                0x0000000000000040                main
 .text          0x00000000000000cc       0x8c startup.o
                0x00000000000000cc                Reset_Handler
                0x000000000000014c                SysTick_Handler
                0x000000000000014c                PendSV_Handler
                0x000000000000014c                NMI_Handler
                0x000000000000014c                UsageFault_Handler
                0x000000000000014c                HardFault_Handler
                0x000000000000014c                SVCall_Handler
                0x000000000000014c                Default_Handler
                0x000000000000014c                MemManage_Handler
                0x000000000000014c                BusFault_Handler
 *(.rodata)
                0x0000000000000158                . = ALIGN (0x4)
                0x0000000000000158                _E_text = .

.glue_7         0x0000000000000158        0x0
 .glue_7        0x0000000000000158        0x0 linker stubs

.glue_7t        0x0000000000000158        0x0
 .glue_7t       0x0000000000000158        0x0 linker stubs

.vfp11_veneer   0x0000000000000158        0x0
 .vfp11_veneer  0x0000000000000158        0x0 linker stubs

.v4_bx          0x0000000000000158        0x0
 .v4_bx         0x0000000000000158        0x0 linker stubs

.iplt           0x0000000000000158        0x0
 .iplt          0x0000000000000158        0x0 main.o

.rel.dyn        0x0000000000000158        0x0
 .rel.iplt      0x0000000000000158        0x0 main.o

.data           0x0000000020000000        0xc load address 0x0000000000000158
                0x0000000020000000                _S_data = .
 *(.data)
 .data          0x0000000020000000        0xc main.o
                0x0000000020000000                GPIO_PORTF_DATA_R
                0x0000000020000004                GPIO_PORTF_DIR_R
                0x0000000020000008                GPIO_PORTF_DEN_R
 .data          0x000000002000000c        0x0 startup.o
                0x000000002000000c                . = ALIGN (0x4)
                0x000000002000000c                _E_data = .

.igot.plt       0x000000002000000c        0x0 load address 0x0000000000000164
 .igot.plt      0x000000002000000c        0x0 main.o

.bss            0x000000002000000c      0x400 load address 0x0000000000000164
                0x000000002000000c                _S_bss = .
 *(.bss)
 .bss           0x000000002000000c        0x0 main.o
 .bss           0x000000002000000c      0x400 startup.o
 *(COMMON)
                0x000000002000040c                . = ALIGN (0x4)
                0x000000002000040c                _E_bss = .
LOAD main.o
LOAD startup.o
OUTPUT(toggle_a_led_cortex-M3.elf elf32-littlearm)

.debug_info     0x0000000000000000      0x4e7
 .debug_info    0x0000000000000000      0x348 main.o
 .debug_info    0x0000000000000348      0x19f startup.o

.debug_abbrev   0x0000000000000000      0x18b
 .debug_abbrev  0x0000000000000000       0xbf main.o
 .debug_abbrev  0x00000000000000bf       0xcc startup.o

.debug_loc      0x0000000000000000       0x9c
 .debug_loc     0x0000000000000000       0x38 main.o
 .debug_loc     0x0000000000000038       0x64 startup.o

.debug_aranges  0x0000000000000000       0x40
 .debug_aranges
                0x0000000000000000       0x20 main.o
 .debug_aranges
                0x0000000000000020       0x20 startup.o

.debug_line     0x0000000000000000       0xf6
 .debug_line    0x0000000000000000       0x77 main.o
 .debug_line    0x0000000000000077       0x7f startup.o

.debug_str      0x0000000000000000      0x2c8
 .debug_str     0x0000000000000000      0x23d main.o
                                        0x26d (size before relaxing)
 .debug_str     0x000000000000023d       0x8b startup.o
                                        0x1f3 (size before relaxing)

.comment        0x0000000000000000       0x7b
 .comment       0x0000000000000000       0x7b main.o
                                         0x7c (size before relaxing)
 .comment       0x000000000000007b       0x7c startup.o

.ARM.attributes
                0x0000000000000000       0x33
 .ARM.attributes
                0x0000000000000000       0x33 main.o
 .ARM.attributes
                0x0000000000000033       0x33 startup.o

.debug_frame    0x0000000000000000       0x78
 .debug_frame   0x0000000000000000       0x2c main.o
 .debug_frame   0x000000000000002c       0x4c startup.o
