
Allocating common symbols
Common symbol       size              file

gu_test             0x5               main.o

Memory Configuration

Name             Origin             Length             Attributes
flash            0x0000000008000000 0x0000000000020000 xr
sram             0x0000000020000000 0x0000000000005000 xrw
*default*        0x0000000000000000 0xffffffffffffffff

Linker script and memory map


.text           0x0000000008000000      0x150
 *(.vector*)
 .vector_table  0x0000000008000000       0x40 startup.o
                0x0000000008000000                vector_table
 *(.text)
 .text          0x0000000008000040       0x7c main.o
                0x0000000008000040                main
 .text          0x00000000080000bc       0x8c startup.o
                0x00000000080000bc                Reset_Handler
                0x000000000800013c                SysTick_Handler
                0x000000000800013c                PendSV_Handler
                0x000000000800013c                NMI_Handler
                0x000000000800013c                UsageFault_Handler
                0x000000000800013c                HardFault_Handler
                0x000000000800013c                SVCall_Handler
                0x000000000800013c                Default_Handler
                0x000000000800013c                MemManage_Handler
                0x000000000800013c                BusFault_Handler
 *(.rodata)
 .rodata        0x0000000008000148        0x5 main.o
                0x0000000008000148                c_test
                0x0000000008000150                . = ALIGN (0x4)
 *fill*         0x000000000800014d        0x3 
                0x0000000008000150                _E_text = .

.glue_7         0x0000000008000150        0x0
 .glue_7        0x0000000008000150        0x0 linker stubs

.glue_7t        0x0000000008000150        0x0
 .glue_7t       0x0000000008000150        0x0 linker stubs

.vfp11_veneer   0x0000000008000150        0x0
 .vfp11_veneer  0x0000000008000150        0x0 linker stubs

.v4_bx          0x0000000008000150        0x0
 .v4_bx         0x0000000008000150        0x0 linker stubs

.iplt           0x0000000008000150        0x0
 .iplt          0x0000000008000150        0x0 main.o

.rel.dyn        0x0000000008000150        0x0
 .rel.iplt      0x0000000008000150        0x0 main.o

.data           0x0000000020000000        0xc load address 0x0000000008000150
                0x0000000020000000                _S_data = .
 *(.data)
 .data          0x0000000020000000        0x9 main.o
                0x0000000020000000                GPIO_PORTA_ODR_R
                0x0000000020000004                gi_test
 .data          0x0000000020000009        0x0 startup.o
                0x000000002000000c                . = ALIGN (0x4)
 *fill*         0x0000000020000009        0x3 
                0x000000002000000c                _E_data = .

.igot.plt       0x000000002000000c        0x0 load address 0x000000000800015c
 .igot.plt      0x000000002000000c        0x0 main.o

.bss            0x000000002000000c        0x8 load address 0x000000000800015c
                0x000000002000000c                _S_bss = .
 *(.bss)
 .bss           0x000000002000000c        0x0 main.o
 .bss           0x000000002000000c        0x0 startup.o
 *(COMMON)
 COMMON         0x000000002000000c        0x5 main.o
                0x000000002000000c                gu_test
                0x0000000020000014                . = ALIGN (0x4)
 *fill*         0x0000000020000011        0x3 
                0x0000000020000014                _E_bss = .
                0x0000000020001014                . = (. + 0x1000)
                0x0000000020001014                _stack_top = .
LOAD main.o
LOAD startup.o
OUTPUT(toggle_a_led_cortex-M3.elf elf32-littlearm)

.debug_info     0x0000000000000000      0x30c
 .debug_info    0x0000000000000000      0x198 main.o
 .debug_info    0x0000000000000198      0x174 startup.o

.debug_abbrev   0x0000000000000000      0x191
 .debug_abbrev  0x0000000000000000       0xd8 main.o
 .debug_abbrev  0x00000000000000d8       0xb9 startup.o

.debug_loc      0x0000000000000000       0x9c
 .debug_loc     0x0000000000000000       0x38 main.o
 .debug_loc     0x0000000000000038       0x64 startup.o

.debug_aranges  0x0000000000000000       0x40
 .debug_aranges
                0x0000000000000000       0x20 main.o
 .debug_aranges
                0x0000000000000020       0x20 startup.o

.debug_line     0x0000000000000000       0xe9
 .debug_line    0x0000000000000000       0x6a main.o
 .debug_line    0x000000000000006a       0x7f startup.o

.debug_str      0x0000000000000000      0x21b
 .debug_str     0x0000000000000000      0x192 main.o
                                        0x1cf (size before relaxing)
 .debug_str     0x0000000000000192       0x89 startup.o
                                        0x1ee (size before relaxing)

.comment        0x0000000000000000       0x7b
 .comment       0x0000000000000000       0x7b main.o
                                         0x7c (size before relaxing)
 .comment       0x000000000000007b       0x7c startup.o

.ARM.attributes
                0x0000000000000000       0x33
 .ARM.attributes
                0x0000000000000000       0x33 main.o
 .ARM.attributes
                0x0000000000000033       0x33 startup.o

.debug_frame    0x0000000000000000       0x78
 .debug_frame   0x0000000000000000       0x2c main.o
 .debug_frame   0x000000000000002c       0x4c startup.o
