
Memory Configuration

Name             Origin             Length             Attributes
flash            0x0000000008000000 0x0000000000020000 xr
sram             0x0000000020000000 0x0000000000002800 xrw
*default*        0x0000000000000000 0xffffffffffffffff

Linker script and memory map


.text           0x0000000008000000      0x5d8
 *(.vector*)
 .vector_table  0x0000000008000000      0x26c ./object_files/startup.o
                0x0000000008000000                vector_table
 *(.text)
 .text          0x000000000800026c       0x78 ./object_files/Alarm.o
                0x000000000800026c                Safe_ST
                0x000000000800027a                Danger_ST
                0x00000000080002ac                Fire_Alarm
                0x00000000080002c8                updateAlarmPeriod
 .text          0x00000000080002e4       0xc4 ./object_files/driver.o
                0x00000000080002e4                getPressureVal
                0x00000000080002fc                Set_Alarm_actuator
                0x0000000008000338                GPIO_INITIALIZATION
                0x0000000008000388                Delay
 .text          0x00000000080003a8       0x6c ./object_files/Flash_Mem.o
                0x00000000080003a8                FlashMemInit
                0x00000000080003b4                Idle_ST
                0x00000000080003c0                store_ST
                0x00000000080003dc                storePressureVal
 .text          0x0000000008000414       0x9c ./object_files/High_Pressure_Detection.o
                0x0000000008000414                wait_sensor_ST
                0x0000000008000420                Take_Action_ST
                0x000000000800043c                setCurrentPressure
                0x0000000008000494                updateHPThreshold
 .text          0x00000000080004b0       0x7c ./object_files/main.o
                0x00000000080004b0                setup
                0x00000000080004f8                main
 .text          0x000000000800052c       0x20 ./object_files/Pressure_Sensor.o
                0x000000000800052c                read_ST
 .text          0x000000000800054c       0x8c ./object_files/startup.o
                0x000000000800054c                Reset_Handler
                0x00000000080005cc                SysTick_Handler
                0x00000000080005cc                PendSV_Handler
                0x00000000080005cc                NMI_Handler
                0x00000000080005cc                UsageFault_Handler
                0x00000000080005cc                HardFault_Handler
                0x00000000080005cc                SVCall_Handler
                0x00000000080005cc                Default_Handler
                0x00000000080005cc                MemManage_Handler
                0x00000000080005cc                BusFault_Handler
 *(.rodata)
                0x00000000080005d8                . = ALIGN (0x4)
                0x00000000080005d8                _E_text = .

.glue_7         0x00000000080005d8        0x0
 .glue_7        0x00000000080005d8        0x0 linker stubs

.glue_7t        0x00000000080005d8        0x0
 .glue_7t       0x00000000080005d8        0x0 linker stubs

.vfp11_veneer   0x00000000080005d8        0x0
 .vfp11_veneer  0x00000000080005d8        0x0 linker stubs

.v4_bx          0x00000000080005d8        0x0
 .v4_bx         0x00000000080005d8        0x0 linker stubs

.iplt           0x00000000080005d8        0x0
 .iplt          0x00000000080005d8        0x0 ./object_files/Alarm.o

.rel.dyn        0x00000000080005d8        0x0
 .rel.iplt      0x00000000080005d8        0x0 ./object_files/Alarm.o

.data           0x0000000020000000       0x18 load address 0x00000000080005d8
                0x0000000020000000                _S_data = .
 *(.data)
 .data          0x0000000020000000        0x8 ./object_files/Alarm.o
                0x0000000020000000                Alarm_next_State
 .data          0x0000000020000008        0x0 ./object_files/driver.o
 .data          0x0000000020000008        0x4 ./object_files/Flash_Mem.o
                0x0000000020000008                FlashMem_next_State
 .data          0x000000002000000c        0x8 ./object_files/High_Pressure_Detection.o
                0x0000000020000010                HPDetection_next_State
 .data          0x0000000020000014        0x0 ./object_files/main.o
 .data          0x0000000020000014        0x4 ./object_files/Pressure_Sensor.o
                0x0000000020000014                PSensor_next_State
 .data          0x0000000020000018        0x0 ./object_files/startup.o
                0x0000000020000018                . = ALIGN (0x4)
                0x0000000020000018                _E_data = .

.igot.plt       0x0000000020000018        0x0 load address 0x00000000080005f0
 .igot.plt      0x0000000020000018        0x0 ./object_files/Alarm.o

.bss            0x0000000020000018       0x14 load address 0x00000000080005f0
                0x0000000020000018                _S_bss = .
 *(.bss)
 .bss           0x0000000020000018        0x0 ./object_files/Alarm.o
 .bss           0x0000000020000018        0x0 ./object_files/driver.o
 .bss           0x0000000020000018        0x8 ./object_files/Flash_Mem.o
 .bss           0x0000000020000020        0x8 ./object_files/High_Pressure_Detection.o
 .bss           0x0000000020000028        0x0 ./object_files/main.o
 .bss           0x0000000020000028        0x4 ./object_files/Pressure_Sensor.o
 .bss           0x000000002000002c        0x0 ./object_files/startup.o
 *(COMMON)
                0x000000002000002c                . = ALIGN (0x4)
                0x000000002000002c                _E_bss = .
                0x000000002000102c                . = (. + 0x1000)
                0x000000002000102c                _stack_top = .
LOAD ./object_files/Alarm.o
LOAD ./object_files/driver.o
LOAD ./object_files/Flash_Mem.o
LOAD ./object_files/High_Pressure_Detection.o
LOAD ./object_files/main.o
LOAD ./object_files/Pressure_Sensor.o
LOAD ./object_files/startup.o
OUTPUT(Output/final_project_1.elf elf32-littlearm)

.debug_info     0x0000000000000000     0x3556
 .debug_info    0x0000000000000000      0xa40 ./object_files/Alarm.o
 .debug_info    0x0000000000000a40      0xa09 ./object_files/driver.o
 .debug_info    0x0000000000001449      0xa5b ./object_files/Flash_Mem.o
 .debug_info    0x0000000000001ea4      0x16d ./object_files/High_Pressure_Detection.o
 .debug_info    0x0000000000002011      0x9e6 ./object_files/main.o
 .debug_info    0x00000000000029f7      0x9eb ./object_files/Pressure_Sensor.o
 .debug_info    0x00000000000033e2      0x174 ./object_files/startup.o

.debug_abbrev   0x0000000000000000      0xa53
 .debug_abbrev  0x0000000000000000      0x1e6 ./object_files/Alarm.o
 .debug_abbrev  0x00000000000001e6      0x1c6 ./object_files/driver.o
 .debug_abbrev  0x00000000000003ac      0x1ce ./object_files/Flash_Mem.o
 .debug_abbrev  0x000000000000057a       0xda ./object_files/High_Pressure_Detection.o
 .debug_abbrev  0x0000000000000654      0x1a1 ./object_files/main.o
 .debug_abbrev  0x00000000000007f5      0x1a5 ./object_files/Pressure_Sensor.o
 .debug_abbrev  0x000000000000099a       0xb9 ./object_files/startup.o

.debug_loc      0x0000000000000000      0x564
 .debug_loc     0x0000000000000000       0xf8 ./object_files/Alarm.o
 .debug_loc     0x00000000000000f8      0x140 ./object_files/driver.o
 .debug_loc     0x0000000000000238      0x128 ./object_files/Flash_Mem.o
 .debug_loc     0x0000000000000360      0x11c ./object_files/High_Pressure_Detection.o
 .debug_loc     0x000000000000047c       0x58 ./object_files/main.o
 .debug_loc     0x00000000000004d4       0x2c ./object_files/Pressure_Sensor.o
 .debug_loc     0x0000000000000500       0x64 ./object_files/startup.o

.debug_aranges  0x0000000000000000       0xe0
 .debug_aranges
                0x0000000000000000       0x20 ./object_files/Alarm.o
 .debug_aranges
                0x0000000000000020       0x20 ./object_files/driver.o
 .debug_aranges
                0x0000000000000040       0x20 ./object_files/Flash_Mem.o
 .debug_aranges
                0x0000000000000060       0x20 ./object_files/High_Pressure_Detection.o
 .debug_aranges
                0x0000000000000080       0x20 ./object_files/main.o
 .debug_aranges
                0x00000000000000a0       0x20 ./object_files/Pressure_Sensor.o
 .debug_aranges
                0x00000000000000c0       0x20 ./object_files/startup.o

.debug_line     0x0000000000000000      0xbe4
 .debug_line    0x0000000000000000      0x200 ./object_files/Alarm.o
 .debug_line    0x0000000000000200      0x2cd ./object_files/driver.o
 .debug_line    0x00000000000004cd      0x1ff ./object_files/Flash_Mem.o
 .debug_line    0x00000000000006cc       0x76 ./object_files/High_Pressure_Detection.o
 .debug_line    0x0000000000000742      0x214 ./object_files/main.o
 .debug_line    0x0000000000000956      0x1fd ./object_files/Pressure_Sensor.o
 .debug_line    0x0000000000000b53       0x91 ./object_files/startup.o

.debug_str      0x0000000000000000      0x7ba
 .debug_str     0x0000000000000000      0x576 ./object_files/Alarm.o
                                        0x5db (size before relaxing)
 .debug_str     0x0000000000000576       0x5f ./object_files/driver.o
                                        0x591 (size before relaxing)
 .debug_str     0x00000000000005d5       0x62 ./object_files/Flash_Mem.o
                                        0x5e7 (size before relaxing)
 .debug_str     0x0000000000000637       0xaa ./object_files/High_Pressure_Detection.o
                                        0x235 (size before relaxing)
 .debug_str     0x00000000000006e1       0x1a ./object_files/main.o
                                        0x59f (size before relaxing)
 .debug_str     0x00000000000006fb       0x33 ./object_files/Pressure_Sensor.o
                                        0x5b8 (size before relaxing)
 .debug_str     0x000000000000072e       0x8c ./object_files/startup.o
                                        0x1e9 (size before relaxing)

.comment        0x0000000000000000       0x7b
 .comment       0x0000000000000000       0x7b ./object_files/Alarm.o
                                         0x7c (size before relaxing)
 .comment       0x000000000000007b       0x7c ./object_files/driver.o
 .comment       0x000000000000007b       0x7c ./object_files/Flash_Mem.o
 .comment       0x000000000000007b       0x7c ./object_files/High_Pressure_Detection.o
 .comment       0x000000000000007b       0x7c ./object_files/main.o
 .comment       0x000000000000007b       0x7c ./object_files/Pressure_Sensor.o
 .comment       0x000000000000007b       0x7c ./object_files/startup.o

.ARM.attributes
                0x0000000000000000       0x33
 .ARM.attributes
                0x0000000000000000       0x33 ./object_files/Alarm.o
 .ARM.attributes
                0x0000000000000033       0x33 ./object_files/driver.o
 .ARM.attributes
                0x0000000000000066       0x33 ./object_files/Flash_Mem.o
 .ARM.attributes
                0x0000000000000099       0x33 ./object_files/High_Pressure_Detection.o
 .ARM.attributes
                0x00000000000000cc       0x33 ./object_files/main.o
 .ARM.attributes
                0x00000000000000ff       0x33 ./object_files/Pressure_Sensor.o
 .ARM.attributes
                0x0000000000000132       0x33 ./object_files/startup.o

.debug_frame    0x0000000000000000      0x320
 .debug_frame   0x0000000000000000       0x90 ./object_files/Alarm.o
 .debug_frame   0x0000000000000090       0xa0 ./object_files/driver.o
 .debug_frame   0x0000000000000130       0x98 ./object_files/Flash_Mem.o
 .debug_frame   0x00000000000001c8       0x98 ./object_files/High_Pressure_Detection.o
 .debug_frame   0x0000000000000260       0x48 ./object_files/main.o
 .debug_frame   0x00000000000002a8       0x2c ./object_files/Pressure_Sensor.o
 .debug_frame   0x00000000000002d4       0x4c ./object_files/startup.o
